Archive member included to satisfy reference by file (symbol)

/opt/homebrew/Cellar/avr-gcc@9/9.3.0_3/lib/avr-gcc/9/gcc/avr/9.3.0/../../../../../../avr/lib/avr25/libm.a(cmpsf2.o)
                              Builds/heater.o (__lesf2)
/opt/homebrew/Cellar/avr-gcc@9/9.3.0_3/lib/avr-gcc/9/gcc/avr/9.3.0/../../../../../../avr/lib/avr25/libm.a(fixunssfsi.o)
                              Builds/heater.o (__fixunssfsi)
/opt/homebrew/Cellar/avr-gcc@9/9.3.0_3/lib/avr-gcc/9/gcc/avr/9.3.0/../../../../../../avr/lib/avr25/libm.a(floatsisf.o)
                              Builds/heater.o (__floatsisf)
/opt/homebrew/Cellar/avr-gcc@9/9.3.0_3/lib/avr-gcc/9/gcc/avr/9.3.0/../../../../../../avr/lib/avr25/libm.a(fp_cmp.o)
                              /opt/homebrew/Cellar/avr-gcc@9/9.3.0_3/lib/avr-gcc/9/gcc/avr/9.3.0/../../../../../../avr/lib/avr25/libm.a(cmpsf2.o) (__fp_cmp)
/opt/homebrew/Cellar/avr-gcc@9/9.3.0_3/lib/avr-gcc/9/gcc/avr/9.3.0/../../../../../../avr/lib/avr25/libm.a(fp_split3.o)
                              /opt/homebrew/Cellar/avr-gcc@9/9.3.0_3/lib/avr-gcc/9/gcc/avr/9.3.0/../../../../../../avr/lib/avr25/libm.a(fixunssfsi.o) (__fp_splitA)
/opt/homebrew/Cellar/avr-gcc@9/9.3.0_3/lib/avr-gcc/9/gcc/avr/9.3.0/../../../../../../avr/lib/avr25/libm.a(fp_zero.o)
                              /opt/homebrew/Cellar/avr-gcc@9/9.3.0_3/lib/avr-gcc/9/gcc/avr/9.3.0/../../../../../../avr/lib/avr25/libm.a(fixunssfsi.o) (__fp_zero)
/opt/homebrew/Cellar/avr-gcc@9/9.3.0_3/lib/avr-gcc/9/gcc/avr/9.3.0/../../../../../../avr/lib/avr25/libm.a(gesf2.o)
                              Builds/heater.o (__gtsf2)
/opt/homebrew/Cellar/avr-gcc@9/9.3.0_3/lib/avr-gcc/9/gcc/avr/9.3.0/../../../../../../avr/lib/avr25/libm.a(mulsf3.o)
                              Builds/heater.o (__mulsf3)
/opt/homebrew/Cellar/avr-gcc@9/9.3.0_3/lib/avr-gcc/9/gcc/avr/9.3.0/../../../../../../avr/lib/avr25/libm.a(mulsf3x.o)
                              /opt/homebrew/Cellar/avr-gcc@9/9.3.0_3/lib/avr-gcc/9/gcc/avr/9.3.0/../../../../../../avr/lib/avr25/libm.a(mulsf3.o) (__mulsf3x)
/opt/homebrew/Cellar/avr-gcc@9/9.3.0_3/lib/avr-gcc/9/gcc/avr/9.3.0/../../../../../../avr/lib/avr25/libm.a(unordsf2.o)
                              Builds/heater.o (__unordsf2)
/opt/homebrew/Cellar/avr-gcc@9/9.3.0_3/lib/avr-gcc/9/gcc/avr/9.3.0/../../../../../../avr/lib/avr25/libm.a(fp_inf.o)
                              /opt/homebrew/Cellar/avr-gcc@9/9.3.0_3/lib/avr-gcc/9/gcc/avr/9.3.0/../../../../../../avr/lib/avr25/libm.a(mulsf3x.o) (__fp_inf)
/opt/homebrew/Cellar/avr-gcc@9/9.3.0_3/lib/avr-gcc/9/gcc/avr/9.3.0/../../../../../../avr/lib/avr25/libm.a(fp_nan.o)
                              /opt/homebrew/Cellar/avr-gcc@9/9.3.0_3/lib/avr-gcc/9/gcc/avr/9.3.0/../../../../../../avr/lib/avr25/libm.a(mulsf3x.o) (__fp_nan)
/opt/homebrew/Cellar/avr-gcc@9/9.3.0_3/lib/avr-gcc/9/gcc/avr/9.3.0/../../../../../../avr/lib/avr25/libm.a(fp_pscA.o)
                              /opt/homebrew/Cellar/avr-gcc@9/9.3.0_3/lib/avr-gcc/9/gcc/avr/9.3.0/../../../../../../avr/lib/avr25/libm.a(mulsf3x.o) (__fp_pscA)
/opt/homebrew/Cellar/avr-gcc@9/9.3.0_3/lib/avr-gcc/9/gcc/avr/9.3.0/../../../../../../avr/lib/avr25/libm.a(fp_pscB.o)
                              /opt/homebrew/Cellar/avr-gcc@9/9.3.0_3/lib/avr-gcc/9/gcc/avr/9.3.0/../../../../../../avr/lib/avr25/libm.a(mulsf3x.o) (__fp_pscB)
/opt/homebrew/Cellar/avr-gcc@9/9.3.0_3/lib/avr-gcc/9/gcc/avr/9.3.0/../../../../../../avr/lib/avr25/libm.a(fp_round.o)
                              /opt/homebrew/Cellar/avr-gcc@9/9.3.0_3/lib/avr-gcc/9/gcc/avr/9.3.0/../../../../../../avr/lib/avr25/libm.a(mulsf3.o) (__fp_round)
/opt/homebrew/Cellar/avr-gcc@9/9.3.0_3/lib/avr-gcc/9/gcc/avr/9.3.0/avr25/libgcc.a(_mulhi3.o)
                              Builds/heater.o (__mulhi3)
/opt/homebrew/Cellar/avr-gcc@9/9.3.0_3/lib/avr-gcc/9/gcc/avr/9.3.0/avr25/libgcc.a(_mulsi3.o)
                              Builds/nuts_bolts.o (__mulsi3)
/opt/homebrew/Cellar/avr-gcc@9/9.3.0_3/lib/avr-gcc/9/gcc/avr/9.3.0/avr25/libgcc.a(_divmodsi4.o)
                              Builds/nuts_bolts.o (__divmodsi4)
/opt/homebrew/Cellar/avr-gcc@9/9.3.0_3/lib/avr-gcc/9/gcc/avr/9.3.0/avr25/libgcc.a(_negsi2.o)
                              /opt/homebrew/Cellar/avr-gcc@9/9.3.0_3/lib/avr-gcc/9/gcc/avr/9.3.0/avr25/libgcc.a(_divmodsi4.o) (__negsi2)
/opt/homebrew/Cellar/avr-gcc@9/9.3.0_3/lib/avr-gcc/9/gcc/avr/9.3.0/avr25/libgcc.a(_exit.o)
                              /opt/homebrew/Cellar/avr-gcc@9/9.3.0_3/lib/avr-gcc/9/gcc/avr/9.3.0/../../../../../../avr/lib/avr25/crtattiny84.o (exit)
/opt/homebrew/Cellar/avr-gcc@9/9.3.0_3/lib/avr-gcc/9/gcc/avr/9.3.0/avr25/libgcc.a(_copy_data.o)
                              Builds/heater.o (__do_copy_data)
/opt/homebrew/Cellar/avr-gcc@9/9.3.0_3/lib/avr-gcc/9/gcc/avr/9.3.0/avr25/libgcc.a(_clear_bss.o)
                              Builds/defaults.o (__do_clear_bss)
/opt/homebrew/Cellar/avr-gcc@9/9.3.0_3/lib/avr-gcc/9/gcc/avr/9.3.0/avr25/libgcc.a(_udivmodsi4.o)
                              /opt/homebrew/Cellar/avr-gcc@9/9.3.0_3/lib/avr-gcc/9/gcc/avr/9.3.0/avr25/libgcc.a(_divmodsi4.o) (__udivmodsi4)
/opt/homebrew/Cellar/avr-gcc@9/9.3.0_3/lib/avr-gcc/9/gcc/avr/9.3.0/../../../../../../avr/lib/avr25/libc.a(dtostrf.o)
                              Builds/liquid_crystal.o (dtostrf)
/opt/homebrew/Cellar/avr-gcc@9/9.3.0_3/lib/avr-gcc/9/gcc/avr/9.3.0/../../../../../../avr/lib/avr25/libc.a(itoa_ncheck.o)
                              Builds/liquid_crystal.o (__itoa_ncheck)
/opt/homebrew/Cellar/avr-gcc@9/9.3.0_3/lib/avr-gcc/9/gcc/avr/9.3.0/../../../../../../avr/lib/avr25/libc.a(utoa_ncheck.o)
                              /opt/homebrew/Cellar/avr-gcc@9/9.3.0_3/lib/avr-gcc/9/gcc/avr/9.3.0/../../../../../../avr/lib/avr25/libc.a(itoa_ncheck.o) (__utoa_common)
/opt/homebrew/Cellar/avr-gcc@9/9.3.0_3/lib/avr-gcc/9/gcc/avr/9.3.0/../../../../../../avr/lib/avr25/libc.a(dtoa_prf.o)
                              /opt/homebrew/Cellar/avr-gcc@9/9.3.0_3/lib/avr-gcc/9/gcc/avr/9.3.0/../../../../../../avr/lib/avr25/libc.a(dtostrf.o) (dtoa_prf)
/opt/homebrew/Cellar/avr-gcc@9/9.3.0_3/lib/avr-gcc/9/gcc/avr/9.3.0/../../../../../../avr/lib/avr25/libc.a(ftoa_engine.o)
                              /opt/homebrew/Cellar/avr-gcc@9/9.3.0_3/lib/avr-gcc/9/gcc/avr/9.3.0/../../../../../../avr/lib/avr25/libc.a(dtoa_prf.o) (__ftoa_engine)
/opt/homebrew/Cellar/avr-gcc@9/9.3.0_3/lib/avr-gcc/9/gcc/avr/9.3.0/../../../../../../avr/lib/avr25/libc.a(strrev.o)
                              /opt/homebrew/Cellar/avr-gcc@9/9.3.0_3/lib/avr-gcc/9/gcc/avr/9.3.0/../../../../../../avr/lib/avr25/libc.a(utoa_ncheck.o) (strrev)

Allocating common symbols
Common symbol       size              file

stopped             0x1               Builds/defaults.o
summation           0x4               Builds/defaults.o
isInitialChoiceState
                    0x1               Builds/defaults.o
profileSelected     0x1               Builds/defaults.o
relay_state         0x2               Builds/defaults.o
input               0x1               Builds/defaults.o
started             0x1               Builds/defaults.o
selectedProfile     0x1               Builds/defaults.o
isInitialState      0x1               Builds/defaults.o
adc                 0x2               Builds/defaults.o
targetTemperature   0x2               Builds/defaults.o

Memory Configuration

Name             Origin             Length             Attributes
text             0x0000000000000000 0x0000000000002000 xr
data             0x0000000000800060 0x000000000000ffa0 rw !x
eeprom           0x0000000000810000 0x0000000000010000 rw !x
fuse             0x0000000000820000 0x0000000000000400 rw !x
lock             0x0000000000830000 0x0000000000000400 rw !x
signature        0x0000000000840000 0x0000000000000400 rw !x
user_signatures  0x0000000000850000 0x0000000000000400 rw !x
*default*        0x0000000000000000 0xffffffffffffffff

Linker script and memory map

LOAD /opt/homebrew/Cellar/avr-gcc@9/9.3.0_3/lib/avr-gcc/9/gcc/avr/9.3.0/../../../../../../avr/lib/avr25/crtattiny84.o
LOAD Builds/defaults.o
LOAD Builds/heater.o
LOAD Builds/liquid_crystal.o
LOAD Builds/main.o
LOAD Builds/nuts_bolts.o
LOAD Builds/sensor.o
LOAD /opt/homebrew/Cellar/avr-gcc@9/9.3.0_3/lib/avr-gcc/9/gcc/avr/9.3.0/../../../../../../avr/lib/avr25/libm.a
START GROUP
LOAD /opt/homebrew/Cellar/avr-gcc@9/9.3.0_3/lib/avr-gcc/9/gcc/avr/9.3.0/avr25/libgcc.a
LOAD /opt/homebrew/Cellar/avr-gcc@9/9.3.0_3/lib/avr-gcc/9/gcc/avr/9.3.0/../../../../../../avr/lib/avr25/libm.a
LOAD /opt/homebrew/Cellar/avr-gcc@9/9.3.0_3/lib/avr-gcc/9/gcc/avr/9.3.0/../../../../../../avr/lib/avr25/libc.a
LOAD /opt/homebrew/Cellar/avr-gcc@9/9.3.0_3/lib/avr-gcc/9/gcc/avr/9.3.0/../../../../../../avr/lib/avr25/libattiny84.a
END GROUP
                0x0000000000002000                __TEXT_REGION_LENGTH__ = DEFINED (__TEXT_REGION_LENGTH__)?__TEXT_REGION_LENGTH__:0x2000
                0x000000000000ffa0                __DATA_REGION_LENGTH__ = DEFINED (__DATA_REGION_LENGTH__)?__DATA_REGION_LENGTH__:0xffa0
                0x0000000000010000                __EEPROM_REGION_LENGTH__ = DEFINED (__EEPROM_REGION_LENGTH__)?__EEPROM_REGION_LENGTH__:0x10000
                0x0000000000000400                __FUSE_REGION_LENGTH__ = DEFINED (__FUSE_REGION_LENGTH__)?__FUSE_REGION_LENGTH__:0x400
                0x0000000000000400                __LOCK_REGION_LENGTH__ = DEFINED (__LOCK_REGION_LENGTH__)?__LOCK_REGION_LENGTH__:0x400
                0x0000000000000400                __SIGNATURE_REGION_LENGTH__ = DEFINED (__SIGNATURE_REGION_LENGTH__)?__SIGNATURE_REGION_LENGTH__:0x400
                0x0000000000000400                __USER_SIGNATURE_REGION_LENGTH__ = DEFINED (__USER_SIGNATURE_REGION_LENGTH__)?__USER_SIGNATURE_REGION_LENGTH__:0x400

.hash
 *(.hash)

.dynsym
 *(.dynsym)

.dynstr
 *(.dynstr)

.gnu.version
 *(.gnu.version)

.gnu.version_d
 *(.gnu.version_d)

.gnu.version_r
 *(.gnu.version_r)

.rel.init
 *(.rel.init)

.rela.init
 *(.rela.init)

.rel.text
 *(.rel.text)
 *(.rel.text.*)
 *(.rel.gnu.linkonce.t*)

.rela.text
 *(.rela.text)
 *(.rela.text.*)
 *(.rela.gnu.linkonce.t*)

.rel.fini
 *(.rel.fini)

.rela.fini
 *(.rela.fini)

.rel.rodata
 *(.rel.rodata)
 *(.rel.rodata.*)
 *(.rel.gnu.linkonce.r*)

.rela.rodata
 *(.rela.rodata)
 *(.rela.rodata.*)
 *(.rela.gnu.linkonce.r*)

.rel.data
 *(.rel.data)
 *(.rel.data.*)
 *(.rel.gnu.linkonce.d*)

.rela.data
 *(.rela.data)
 *(.rela.data.*)
 *(.rela.gnu.linkonce.d*)

.rel.ctors
 *(.rel.ctors)

.rela.ctors
 *(.rela.ctors)

.rel.dtors
 *(.rel.dtors)

.rela.dtors
 *(.rela.dtors)

.rel.got
 *(.rel.got)

.rela.got
 *(.rela.got)

.rel.bss
 *(.rel.bss)

.rela.bss
 *(.rela.bss)

.rel.plt
 *(.rel.plt)

.rela.plt
 *(.rela.plt)

.text           0x0000000000000000     0x16bc
 *(.vectors)
 .vectors       0x0000000000000000       0x22 /opt/homebrew/Cellar/avr-gcc@9/9.3.0_3/lib/avr-gcc/9/gcc/avr/9.3.0/../../../../../../avr/lib/avr25/crtattiny84.o
                0x0000000000000000                __vectors
                0x0000000000000000                __vector_default
 *(.vectors)
 *(.progmem.gcc*)
                0x0000000000000022                . = ALIGN (0x2)
                0x0000000000000022                __trampolines_start = .
 *(.trampolines)
 .trampolines   0x0000000000000022        0x0 linker stubs
 *(.trampolines*)
                0x0000000000000022                __trampolines_end = .
 *libprintf_flt.a:*(.progmem.data)
 *libc.a:*(.progmem.data)
 .progmem.data  0x0000000000000022       0xfa /opt/homebrew/Cellar/avr-gcc@9/9.3.0_3/lib/avr-gcc/9/gcc/avr/9.3.0/../../../../../../avr/lib/avr25/libc.a(ftoa_engine.o)
 *(.progmem.*)
                0x000000000000011c                . = ALIGN (0x2)
 *(.lowtext)
 *(.lowtext*)
                0x000000000000011c                __ctors_start = .
 *(.ctors)
                0x000000000000011c                __ctors_end = .
                0x000000000000011c                __dtors_start = .
 *(.dtors)
                0x000000000000011c                __dtors_end = .
 SORT_BY_NAME(*)(.ctors)
 SORT_BY_NAME(*)(.dtors)
 *(.init0)
 .init0         0x000000000000011c        0x0 /opt/homebrew/Cellar/avr-gcc@9/9.3.0_3/lib/avr-gcc/9/gcc/avr/9.3.0/../../../../../../avr/lib/avr25/crtattiny84.o
                0x000000000000011c                __init
 *(.init0)
 *(.init1)
 *(.init1)
 *(.init2)
 .init2         0x000000000000011c        0xc /opt/homebrew/Cellar/avr-gcc@9/9.3.0_3/lib/avr-gcc/9/gcc/avr/9.3.0/../../../../../../avr/lib/avr25/crtattiny84.o
 *(.init2)
 *(.init3)
 *(.init3)
 *(.init4)
 .init4         0x0000000000000128       0x16 /opt/homebrew/Cellar/avr-gcc@9/9.3.0_3/lib/avr-gcc/9/gcc/avr/9.3.0/avr25/libgcc.a(_copy_data.o)
                0x0000000000000128                __do_copy_data
 .init4         0x000000000000013e       0x10 /opt/homebrew/Cellar/avr-gcc@9/9.3.0_3/lib/avr-gcc/9/gcc/avr/9.3.0/avr25/libgcc.a(_clear_bss.o)
                0x000000000000013e                __do_clear_bss
 *(.init4)
 *(.init5)
 *(.init5)
 *(.init6)
 *(.init6)
 *(.init7)
 *(.init7)
 *(.init8)
 *(.init8)
 *(.init9)
 .init9         0x000000000000014e        0x4 /opt/homebrew/Cellar/avr-gcc@9/9.3.0_3/lib/avr-gcc/9/gcc/avr/9.3.0/../../../../../../avr/lib/avr25/crtattiny84.o
 *(.init9)
 *(.text)
 .text          0x0000000000000152        0x2 /opt/homebrew/Cellar/avr-gcc@9/9.3.0_3/lib/avr-gcc/9/gcc/avr/9.3.0/../../../../../../avr/lib/avr25/crtattiny84.o
                0x0000000000000152                __vector_16
                0x0000000000000152                __vector_12
                0x0000000000000152                __bad_interrupt
                0x0000000000000152                __vector_3
                0x0000000000000152                __vector_13
                0x0000000000000152                __vector_7
                0x0000000000000152                __vector_5
                0x0000000000000152                __vector_4
                0x0000000000000152                __vector_9
                0x0000000000000152                __vector_2
                0x0000000000000152                __vector_15
                0x0000000000000152                __vector_8
                0x0000000000000152                __vector_14
                0x0000000000000152                __vector_10
                0x0000000000000152                __vector_1
 .text          0x0000000000000154        0x0 Builds/defaults.o
 .text          0x0000000000000154      0x5a6 Builds/heater.o
                0x0000000000000154                initHeater
                0x0000000000000188                action
                0x0000000000000612                beep
                0x000000000000062a                __vector_6
 .text          0x00000000000006fa      0x26e Builds/liquid_crystal.o
                0x00000000000006fa                initLCD
                0x0000000000000776                LCD_send
                0x000000000000084e                LCD_clear
                0x000000000000085e                LCD_changeAddress
                0x0000000000000864                LCD_sendString
                0x000000000000089a                lcdPrint
                0x00000000000008c2                lcdUpdateTemp
                0x00000000000008d8                lcdStateUpate
                0x00000000000008ec                lcdPrintNumber
                0x000000000000091a                lcdPrintDouble
 .text          0x0000000000000968       0x14 Builds/main.o
                0x0000000000000968                initIO
 .text          0x000000000000097c      0x25c Builds/nuts_bolts.o
                0x000000000000097c                map
                0x0000000000000a4c                __vector_11
                0x0000000000000adc                millis
                0x0000000000000b1c                micros
                0x0000000000000b84                delayMicroseconds
                0x0000000000000b9a                init
 .text          0x0000000000000bd8       0x22 Builds/sensor.o
                0x0000000000000bd8                initSensor
                0x0000000000000be6                analogRead
 .text          0x0000000000000bfa        0x0 /opt/homebrew/Cellar/avr-gcc@9/9.3.0_3/lib/avr-gcc/9/gcc/avr/9.3.0/../../../../../../avr/lib/avr25/libm.a(cmpsf2.o)
 .text          0x0000000000000bfa        0x0 /opt/homebrew/Cellar/avr-gcc@9/9.3.0_3/lib/avr-gcc/9/gcc/avr/9.3.0/../../../../../../avr/lib/avr25/libm.a(fixunssfsi.o)
 .text          0x0000000000000bfa        0x0 /opt/homebrew/Cellar/avr-gcc@9/9.3.0_3/lib/avr-gcc/9/gcc/avr/9.3.0/../../../../../../avr/lib/avr25/libm.a(floatsisf.o)
 .text          0x0000000000000bfa        0x0 /opt/homebrew/Cellar/avr-gcc@9/9.3.0_3/lib/avr-gcc/9/gcc/avr/9.3.0/../../../../../../avr/lib/avr25/libm.a(fp_cmp.o)
 .text          0x0000000000000bfa        0x0 /opt/homebrew/Cellar/avr-gcc@9/9.3.0_3/lib/avr-gcc/9/gcc/avr/9.3.0/../../../../../../avr/lib/avr25/libm.a(fp_split3.o)
 .text          0x0000000000000bfa        0x0 /opt/homebrew/Cellar/avr-gcc@9/9.3.0_3/lib/avr-gcc/9/gcc/avr/9.3.0/../../../../../../avr/lib/avr25/libm.a(fp_zero.o)
 .text          0x0000000000000bfa        0x0 /opt/homebrew/Cellar/avr-gcc@9/9.3.0_3/lib/avr-gcc/9/gcc/avr/9.3.0/../../../../../../avr/lib/avr25/libm.a(gesf2.o)
 .text          0x0000000000000bfa        0x0 /opt/homebrew/Cellar/avr-gcc@9/9.3.0_3/lib/avr-gcc/9/gcc/avr/9.3.0/../../../../../../avr/lib/avr25/libm.a(mulsf3.o)
 .text          0x0000000000000bfa        0x0 /opt/homebrew/Cellar/avr-gcc@9/9.3.0_3/lib/avr-gcc/9/gcc/avr/9.3.0/../../../../../../avr/lib/avr25/libm.a(mulsf3x.o)
 .text          0x0000000000000bfa        0x0 /opt/homebrew/Cellar/avr-gcc@9/9.3.0_3/lib/avr-gcc/9/gcc/avr/9.3.0/../../../../../../avr/lib/avr25/libm.a(unordsf2.o)
 .text          0x0000000000000bfa        0x0 /opt/homebrew/Cellar/avr-gcc@9/9.3.0_3/lib/avr-gcc/9/gcc/avr/9.3.0/../../../../../../avr/lib/avr25/libm.a(fp_inf.o)
 .text          0x0000000000000bfa        0x0 /opt/homebrew/Cellar/avr-gcc@9/9.3.0_3/lib/avr-gcc/9/gcc/avr/9.3.0/../../../../../../avr/lib/avr25/libm.a(fp_nan.o)
 .text          0x0000000000000bfa        0x0 /opt/homebrew/Cellar/avr-gcc@9/9.3.0_3/lib/avr-gcc/9/gcc/avr/9.3.0/../../../../../../avr/lib/avr25/libm.a(fp_pscA.o)
 .text          0x0000000000000bfa        0x0 /opt/homebrew/Cellar/avr-gcc@9/9.3.0_3/lib/avr-gcc/9/gcc/avr/9.3.0/../../../../../../avr/lib/avr25/libm.a(fp_pscB.o)
 .text          0x0000000000000bfa        0x0 /opt/homebrew/Cellar/avr-gcc@9/9.3.0_3/lib/avr-gcc/9/gcc/avr/9.3.0/../../../../../../avr/lib/avr25/libm.a(fp_round.o)
 .text          0x0000000000000bfa        0x0 /opt/homebrew/Cellar/avr-gcc@9/9.3.0_3/lib/avr-gcc/9/gcc/avr/9.3.0/avr25/libgcc.a(_mulhi3.o)
 .text          0x0000000000000bfa        0x0 /opt/homebrew/Cellar/avr-gcc@9/9.3.0_3/lib/avr-gcc/9/gcc/avr/9.3.0/avr25/libgcc.a(_mulsi3.o)
 .text          0x0000000000000bfa        0x0 /opt/homebrew/Cellar/avr-gcc@9/9.3.0_3/lib/avr-gcc/9/gcc/avr/9.3.0/avr25/libgcc.a(_divmodsi4.o)
 .text          0x0000000000000bfa        0x0 /opt/homebrew/Cellar/avr-gcc@9/9.3.0_3/lib/avr-gcc/9/gcc/avr/9.3.0/avr25/libgcc.a(_negsi2.o)
 .text          0x0000000000000bfa        0x0 /opt/homebrew/Cellar/avr-gcc@9/9.3.0_3/lib/avr-gcc/9/gcc/avr/9.3.0/avr25/libgcc.a(_exit.o)
 .text          0x0000000000000bfa        0x0 /opt/homebrew/Cellar/avr-gcc@9/9.3.0_3/lib/avr-gcc/9/gcc/avr/9.3.0/avr25/libgcc.a(_copy_data.o)
 .text          0x0000000000000bfa        0x0 /opt/homebrew/Cellar/avr-gcc@9/9.3.0_3/lib/avr-gcc/9/gcc/avr/9.3.0/avr25/libgcc.a(_clear_bss.o)
 .text          0x0000000000000bfa        0x0 /opt/homebrew/Cellar/avr-gcc@9/9.3.0_3/lib/avr-gcc/9/gcc/avr/9.3.0/avr25/libgcc.a(_udivmodsi4.o)
 .text          0x0000000000000bfa        0x0 /opt/homebrew/Cellar/avr-gcc@9/9.3.0_3/lib/avr-gcc/9/gcc/avr/9.3.0/../../../../../../avr/lib/avr25/libc.a(dtostrf.o)
 .text          0x0000000000000bfa        0x0 /opt/homebrew/Cellar/avr-gcc@9/9.3.0_3/lib/avr-gcc/9/gcc/avr/9.3.0/../../../../../../avr/lib/avr25/libc.a(itoa_ncheck.o)
 .text          0x0000000000000bfa        0x0 /opt/homebrew/Cellar/avr-gcc@9/9.3.0_3/lib/avr-gcc/9/gcc/avr/9.3.0/../../../../../../avr/lib/avr25/libc.a(utoa_ncheck.o)
 .text          0x0000000000000bfa        0x0 /opt/homebrew/Cellar/avr-gcc@9/9.3.0_3/lib/avr-gcc/9/gcc/avr/9.3.0/../../../../../../avr/lib/avr25/libc.a(dtoa_prf.o)
 .text          0x0000000000000bfa        0x0 /opt/homebrew/Cellar/avr-gcc@9/9.3.0_3/lib/avr-gcc/9/gcc/avr/9.3.0/../../../../../../avr/lib/avr25/libc.a(ftoa_engine.o)
 .text          0x0000000000000bfa        0x0 /opt/homebrew/Cellar/avr-gcc@9/9.3.0_3/lib/avr-gcc/9/gcc/avr/9.3.0/../../../../../../avr/lib/avr25/libc.a(strrev.o)
                0x0000000000000bfa                . = ALIGN (0x2)
 *(.text.*)
 .text.startup  0x0000000000000bfa      0x19a Builds/main.o
                0x0000000000000bfa                main
 .text.avr-libc.fplib
                0x0000000000000d94        0x8 /opt/homebrew/Cellar/avr-gcc@9/9.3.0_3/lib/avr-gcc/9/gcc/avr/9.3.0/../../../../../../avr/lib/avr25/libm.a(cmpsf2.o)
                0x0000000000000d94                __lesf2
                0x0000000000000d94                __nesf2
                0x0000000000000d94                __eqsf2
                0x0000000000000d94                __cmpsf2
                0x0000000000000d94                __ltsf2
 .text.avr-libc.fplib
                0x0000000000000d9c       0x58 /opt/homebrew/Cellar/avr-gcc@9/9.3.0_3/lib/avr-gcc/9/gcc/avr/9.3.0/../../../../../../avr/lib/avr25/libm.a(fixunssfsi.o)
                0x0000000000000d9c                __fixunssfsi
 .text.avr-libc.fplib
                0x0000000000000df4       0x7a /opt/homebrew/Cellar/avr-gcc@9/9.3.0_3/lib/avr-gcc/9/gcc/avr/9.3.0/../../../../../../avr/lib/avr25/libm.a(floatsisf.o)
                0x0000000000000df4                __floatunsisf
                0x0000000000000df8                __floatsisf
 .text.avr-libc.fplib
                0x0000000000000e6e       0x48 /opt/homebrew/Cellar/avr-gcc@9/9.3.0_3/lib/avr-gcc/9/gcc/avr/9.3.0/../../../../../../avr/lib/avr25/libm.a(fp_cmp.o)
                0x0000000000000e6e                __fp_cmp
 .text.avr-libc.fplib
                0x0000000000000eb6       0x44 /opt/homebrew/Cellar/avr-gcc@9/9.3.0_3/lib/avr-gcc/9/gcc/avr/9.3.0/../../../../../../avr/lib/avr25/libm.a(fp_split3.o)
                0x0000000000000eb6                __fp_split3
                0x0000000000000ec6                __fp_splitA
 .text.avr-libc.fplib
                0x0000000000000efa        0xe /opt/homebrew/Cellar/avr-gcc@9/9.3.0_3/lib/avr-gcc/9/gcc/avr/9.3.0/../../../../../../avr/lib/avr25/libm.a(fp_zero.o)
                0x0000000000000efa                __fp_zero
                0x0000000000000efc                __fp_szero
 .text.avr-libc.fplib
                0x0000000000000f08        0x8 /opt/homebrew/Cellar/avr-gcc@9/9.3.0_3/lib/avr-gcc/9/gcc/avr/9.3.0/../../../../../../avr/lib/avr25/libm.a(gesf2.o)
                0x0000000000000f08                __gtsf2
                0x0000000000000f08                __gesf2
 .text.avr-libc.fplib
                0x0000000000000f10        0x4 /opt/homebrew/Cellar/avr-gcc@9/9.3.0_3/lib/avr-gcc/9/gcc/avr/9.3.0/../../../../../../avr/lib/avr25/libm.a(mulsf3.o)
                0x0000000000000f10                __mulsf3
 .text.avr-libc.fplib
                0x0000000000000f14       0xd2 /opt/homebrew/Cellar/avr-gcc@9/9.3.0_3/lib/avr-gcc/9/gcc/avr/9.3.0/../../../../../../avr/lib/avr25/libm.a(mulsf3x.o)
                0x0000000000000f26                __mulsf3x
                0x0000000000000f2a                __mulsf3_pse
 .text.avr-libc.fplib
                0x0000000000000fe6        0x8 /opt/homebrew/Cellar/avr-gcc@9/9.3.0_3/lib/avr-gcc/9/gcc/avr/9.3.0/../../../../../../avr/lib/avr25/libm.a(unordsf2.o)
                0x0000000000000fe6                __unordsf2
 .text.avr-libc.fplib
                0x0000000000000fee        0xc /opt/homebrew/Cellar/avr-gcc@9/9.3.0_3/lib/avr-gcc/9/gcc/avr/9.3.0/../../../../../../avr/lib/avr25/libm.a(fp_inf.o)
                0x0000000000000fee                __fp_inf
 .text.avr-libc.fplib
                0x0000000000000ffa        0x6 /opt/homebrew/Cellar/avr-gcc@9/9.3.0_3/lib/avr-gcc/9/gcc/avr/9.3.0/../../../../../../avr/lib/avr25/libm.a(fp_nan.o)
                0x0000000000000ffa                __fp_nan
 .text.avr-libc.fplib
                0x0000000000001000        0xe /opt/homebrew/Cellar/avr-gcc@9/9.3.0_3/lib/avr-gcc/9/gcc/avr/9.3.0/../../../../../../avr/lib/avr25/libm.a(fp_pscA.o)
                0x0000000000001000                __fp_pscA
 .text.avr-libc.fplib
                0x000000000000100e        0xe /opt/homebrew/Cellar/avr-gcc@9/9.3.0_3/lib/avr-gcc/9/gcc/avr/9.3.0/../../../../../../avr/lib/avr25/libm.a(fp_pscB.o)
                0x000000000000100e                __fp_pscB
 .text.avr-libc.fplib
                0x000000000000101c       0x22 /opt/homebrew/Cellar/avr-gcc@9/9.3.0_3/lib/avr-gcc/9/gcc/avr/9.3.0/../../../../../../avr/lib/avr25/libm.a(fp_round.o)
                0x000000000000101c                __fp_round
 .text.libgcc.mul
                0x000000000000103e       0x22 /opt/homebrew/Cellar/avr-gcc@9/9.3.0_3/lib/avr-gcc/9/gcc/avr/9.3.0/avr25/libgcc.a(_mulhi3.o)
                0x000000000000103e                __mulhi3
 .text.libgcc.div
                0x0000000000001060        0x0 /opt/homebrew/Cellar/avr-gcc@9/9.3.0_3/lib/avr-gcc/9/gcc/avr/9.3.0/avr25/libgcc.a(_mulhi3.o)
 .text.libgcc   0x0000000000001060        0x0 /opt/homebrew/Cellar/avr-gcc@9/9.3.0_3/lib/avr-gcc/9/gcc/avr/9.3.0/avr25/libgcc.a(_mulhi3.o)
 .text.libgcc.prologue
                0x0000000000001060        0x0 /opt/homebrew/Cellar/avr-gcc@9/9.3.0_3/lib/avr-gcc/9/gcc/avr/9.3.0/avr25/libgcc.a(_mulhi3.o)
 .text.libgcc.builtins
                0x0000000000001060        0x0 /opt/homebrew/Cellar/avr-gcc@9/9.3.0_3/lib/avr-gcc/9/gcc/avr/9.3.0/avr25/libgcc.a(_mulhi3.o)
 .text.libgcc.fmul
                0x0000000000001060        0x0 /opt/homebrew/Cellar/avr-gcc@9/9.3.0_3/lib/avr-gcc/9/gcc/avr/9.3.0/avr25/libgcc.a(_mulhi3.o)
 .text.libgcc.fixed
                0x0000000000001060        0x0 /opt/homebrew/Cellar/avr-gcc@9/9.3.0_3/lib/avr-gcc/9/gcc/avr/9.3.0/avr25/libgcc.a(_mulhi3.o)
 .text.libgcc.mul
                0x0000000000001060       0x32 /opt/homebrew/Cellar/avr-gcc@9/9.3.0_3/lib/avr-gcc/9/gcc/avr/9.3.0/avr25/libgcc.a(_mulsi3.o)
                0x0000000000001060                __mulsi3
                0x0000000000001064                __mulsi3_helper
 .text.libgcc.div
                0x0000000000001092        0x0 /opt/homebrew/Cellar/avr-gcc@9/9.3.0_3/lib/avr-gcc/9/gcc/avr/9.3.0/avr25/libgcc.a(_mulsi3.o)
 .text.libgcc   0x0000000000001092        0x0 /opt/homebrew/Cellar/avr-gcc@9/9.3.0_3/lib/avr-gcc/9/gcc/avr/9.3.0/avr25/libgcc.a(_mulsi3.o)
 .text.libgcc.prologue
                0x0000000000001092        0x0 /opt/homebrew/Cellar/avr-gcc@9/9.3.0_3/lib/avr-gcc/9/gcc/avr/9.3.0/avr25/libgcc.a(_mulsi3.o)
 .text.libgcc.builtins
                0x0000000000001092        0x0 /opt/homebrew/Cellar/avr-gcc@9/9.3.0_3/lib/avr-gcc/9/gcc/avr/9.3.0/avr25/libgcc.a(_mulsi3.o)
 .text.libgcc.fmul
                0x0000000000001092        0x0 /opt/homebrew/Cellar/avr-gcc@9/9.3.0_3/lib/avr-gcc/9/gcc/avr/9.3.0/avr25/libgcc.a(_mulsi3.o)
 .text.libgcc.fixed
                0x0000000000001092        0x0 /opt/homebrew/Cellar/avr-gcc@9/9.3.0_3/lib/avr-gcc/9/gcc/avr/9.3.0/avr25/libgcc.a(_mulsi3.o)
 .text.libgcc.mul
                0x0000000000001092        0x0 /opt/homebrew/Cellar/avr-gcc@9/9.3.0_3/lib/avr-gcc/9/gcc/avr/9.3.0/avr25/libgcc.a(_divmodsi4.o)
 .text.libgcc.div
                0x0000000000001092       0x28 /opt/homebrew/Cellar/avr-gcc@9/9.3.0_3/lib/avr-gcc/9/gcc/avr/9.3.0/avr25/libgcc.a(_divmodsi4.o)
                0x0000000000001092                __divmodsi4
 .text.libgcc   0x00000000000010ba        0x0 /opt/homebrew/Cellar/avr-gcc@9/9.3.0_3/lib/avr-gcc/9/gcc/avr/9.3.0/avr25/libgcc.a(_divmodsi4.o)
 .text.libgcc.prologue
                0x00000000000010ba        0x0 /opt/homebrew/Cellar/avr-gcc@9/9.3.0_3/lib/avr-gcc/9/gcc/avr/9.3.0/avr25/libgcc.a(_divmodsi4.o)
 .text.libgcc.builtins
                0x00000000000010ba        0x0 /opt/homebrew/Cellar/avr-gcc@9/9.3.0_3/lib/avr-gcc/9/gcc/avr/9.3.0/avr25/libgcc.a(_divmodsi4.o)
 .text.libgcc.fmul
                0x00000000000010ba        0x0 /opt/homebrew/Cellar/avr-gcc@9/9.3.0_3/lib/avr-gcc/9/gcc/avr/9.3.0/avr25/libgcc.a(_divmodsi4.o)
 .text.libgcc.fixed
                0x00000000000010ba        0x0 /opt/homebrew/Cellar/avr-gcc@9/9.3.0_3/lib/avr-gcc/9/gcc/avr/9.3.0/avr25/libgcc.a(_divmodsi4.o)
 .text.libgcc.mul
                0x00000000000010ba        0x0 /opt/homebrew/Cellar/avr-gcc@9/9.3.0_3/lib/avr-gcc/9/gcc/avr/9.3.0/avr25/libgcc.a(_negsi2.o)
 .text.libgcc.div
                0x00000000000010ba       0x10 /opt/homebrew/Cellar/avr-gcc@9/9.3.0_3/lib/avr-gcc/9/gcc/avr/9.3.0/avr25/libgcc.a(_negsi2.o)
                0x00000000000010ba                __negsi2
 .text.libgcc   0x00000000000010ca        0x0 /opt/homebrew/Cellar/avr-gcc@9/9.3.0_3/lib/avr-gcc/9/gcc/avr/9.3.0/avr25/libgcc.a(_negsi2.o)
 .text.libgcc.prologue
                0x00000000000010ca        0x0 /opt/homebrew/Cellar/avr-gcc@9/9.3.0_3/lib/avr-gcc/9/gcc/avr/9.3.0/avr25/libgcc.a(_negsi2.o)
 .text.libgcc.builtins
                0x00000000000010ca        0x0 /opt/homebrew/Cellar/avr-gcc@9/9.3.0_3/lib/avr-gcc/9/gcc/avr/9.3.0/avr25/libgcc.a(_negsi2.o)
 .text.libgcc.fmul
                0x00000000000010ca        0x0 /opt/homebrew/Cellar/avr-gcc@9/9.3.0_3/lib/avr-gcc/9/gcc/avr/9.3.0/avr25/libgcc.a(_negsi2.o)
 .text.libgcc.fixed
                0x00000000000010ca        0x0 /opt/homebrew/Cellar/avr-gcc@9/9.3.0_3/lib/avr-gcc/9/gcc/avr/9.3.0/avr25/libgcc.a(_negsi2.o)
 .text.libgcc.mul
                0x00000000000010ca        0x0 /opt/homebrew/Cellar/avr-gcc@9/9.3.0_3/lib/avr-gcc/9/gcc/avr/9.3.0/avr25/libgcc.a(_exit.o)
 .text.libgcc.div
                0x00000000000010ca        0x0 /opt/homebrew/Cellar/avr-gcc@9/9.3.0_3/lib/avr-gcc/9/gcc/avr/9.3.0/avr25/libgcc.a(_exit.o)
 .text.libgcc   0x00000000000010ca        0x0 /opt/homebrew/Cellar/avr-gcc@9/9.3.0_3/lib/avr-gcc/9/gcc/avr/9.3.0/avr25/libgcc.a(_exit.o)
 .text.libgcc.prologue
                0x00000000000010ca        0x0 /opt/homebrew/Cellar/avr-gcc@9/9.3.0_3/lib/avr-gcc/9/gcc/avr/9.3.0/avr25/libgcc.a(_exit.o)
 .text.libgcc.builtins
                0x00000000000010ca        0x0 /opt/homebrew/Cellar/avr-gcc@9/9.3.0_3/lib/avr-gcc/9/gcc/avr/9.3.0/avr25/libgcc.a(_exit.o)
 .text.libgcc.fmul
                0x00000000000010ca        0x0 /opt/homebrew/Cellar/avr-gcc@9/9.3.0_3/lib/avr-gcc/9/gcc/avr/9.3.0/avr25/libgcc.a(_exit.o)
 .text.libgcc.fixed
                0x00000000000010ca        0x0 /opt/homebrew/Cellar/avr-gcc@9/9.3.0_3/lib/avr-gcc/9/gcc/avr/9.3.0/avr25/libgcc.a(_exit.o)
 .text.libgcc.mul
                0x00000000000010ca        0x0 /opt/homebrew/Cellar/avr-gcc@9/9.3.0_3/lib/avr-gcc/9/gcc/avr/9.3.0/avr25/libgcc.a(_copy_data.o)
 .text.libgcc.div
                0x00000000000010ca        0x0 /opt/homebrew/Cellar/avr-gcc@9/9.3.0_3/lib/avr-gcc/9/gcc/avr/9.3.0/avr25/libgcc.a(_copy_data.o)
 .text.libgcc   0x00000000000010ca        0x0 /opt/homebrew/Cellar/avr-gcc@9/9.3.0_3/lib/avr-gcc/9/gcc/avr/9.3.0/avr25/libgcc.a(_copy_data.o)
 .text.libgcc.prologue
                0x00000000000010ca        0x0 /opt/homebrew/Cellar/avr-gcc@9/9.3.0_3/lib/avr-gcc/9/gcc/avr/9.3.0/avr25/libgcc.a(_copy_data.o)
 .text.libgcc.builtins
                0x00000000000010ca        0x0 /opt/homebrew/Cellar/avr-gcc@9/9.3.0_3/lib/avr-gcc/9/gcc/avr/9.3.0/avr25/libgcc.a(_copy_data.o)
 .text.libgcc.fmul
                0x00000000000010ca        0x0 /opt/homebrew/Cellar/avr-gcc@9/9.3.0_3/lib/avr-gcc/9/gcc/avr/9.3.0/avr25/libgcc.a(_copy_data.o)
 .text.libgcc.fixed
                0x00000000000010ca        0x0 /opt/homebrew/Cellar/avr-gcc@9/9.3.0_3/lib/avr-gcc/9/gcc/avr/9.3.0/avr25/libgcc.a(_copy_data.o)
 .text.libgcc.mul
                0x00000000000010ca        0x0 /opt/homebrew/Cellar/avr-gcc@9/9.3.0_3/lib/avr-gcc/9/gcc/avr/9.3.0/avr25/libgcc.a(_clear_bss.o)
 .text.libgcc.div
                0x00000000000010ca        0x0 /opt/homebrew/Cellar/avr-gcc@9/9.3.0_3/lib/avr-gcc/9/gcc/avr/9.3.0/avr25/libgcc.a(_clear_bss.o)
 .text.libgcc   0x00000000000010ca        0x0 /opt/homebrew/Cellar/avr-gcc@9/9.3.0_3/lib/avr-gcc/9/gcc/avr/9.3.0/avr25/libgcc.a(_clear_bss.o)
 .text.libgcc.prologue
                0x00000000000010ca        0x0 /opt/homebrew/Cellar/avr-gcc@9/9.3.0_3/lib/avr-gcc/9/gcc/avr/9.3.0/avr25/libgcc.a(_clear_bss.o)
 .text.libgcc.builtins
                0x00000000000010ca        0x0 /opt/homebrew/Cellar/avr-gcc@9/9.3.0_3/lib/avr-gcc/9/gcc/avr/9.3.0/avr25/libgcc.a(_clear_bss.o)
 .text.libgcc.fmul
                0x00000000000010ca        0x0 /opt/homebrew/Cellar/avr-gcc@9/9.3.0_3/lib/avr-gcc/9/gcc/avr/9.3.0/avr25/libgcc.a(_clear_bss.o)
 .text.libgcc.fixed
                0x00000000000010ca        0x0 /opt/homebrew/Cellar/avr-gcc@9/9.3.0_3/lib/avr-gcc/9/gcc/avr/9.3.0/avr25/libgcc.a(_clear_bss.o)
 .text.libgcc.mul
                0x00000000000010ca        0x0 /opt/homebrew/Cellar/avr-gcc@9/9.3.0_3/lib/avr-gcc/9/gcc/avr/9.3.0/avr25/libgcc.a(_udivmodsi4.o)
 .text.libgcc.div
                0x00000000000010ca       0x44 /opt/homebrew/Cellar/avr-gcc@9/9.3.0_3/lib/avr-gcc/9/gcc/avr/9.3.0/avr25/libgcc.a(_udivmodsi4.o)
                0x00000000000010ca                __udivmodsi4
 .text.libgcc   0x000000000000110e        0x0 /opt/homebrew/Cellar/avr-gcc@9/9.3.0_3/lib/avr-gcc/9/gcc/avr/9.3.0/avr25/libgcc.a(_udivmodsi4.o)
 .text.libgcc.prologue
                0x000000000000110e        0x0 /opt/homebrew/Cellar/avr-gcc@9/9.3.0_3/lib/avr-gcc/9/gcc/avr/9.3.0/avr25/libgcc.a(_udivmodsi4.o)
 .text.libgcc.builtins
                0x000000000000110e        0x0 /opt/homebrew/Cellar/avr-gcc@9/9.3.0_3/lib/avr-gcc/9/gcc/avr/9.3.0/avr25/libgcc.a(_udivmodsi4.o)
 .text.libgcc.fmul
                0x000000000000110e        0x0 /opt/homebrew/Cellar/avr-gcc@9/9.3.0_3/lib/avr-gcc/9/gcc/avr/9.3.0/avr25/libgcc.a(_udivmodsi4.o)
 .text.libgcc.fixed
                0x000000000000110e        0x0 /opt/homebrew/Cellar/avr-gcc@9/9.3.0_3/lib/avr-gcc/9/gcc/avr/9.3.0/avr25/libgcc.a(_udivmodsi4.o)
 .text.avr-libc
                0x000000000000110e       0x58 /opt/homebrew/Cellar/avr-gcc@9/9.3.0_3/lib/avr-gcc/9/gcc/avr/9.3.0/../../../../../../avr/lib/avr25/libc.a(dtostrf.o)
                0x000000000000110e                dtostrf
 .text.avr-libc
                0x0000000000001166       0x14 /opt/homebrew/Cellar/avr-gcc@9/9.3.0_3/lib/avr-gcc/9/gcc/avr/9.3.0/../../../../../../avr/lib/avr25/libc.a(itoa_ncheck.o)
                0x0000000000001166                __itoa_ncheck
 .text.avr-libc
                0x000000000000117a       0x32 /opt/homebrew/Cellar/avr-gcc@9/9.3.0_3/lib/avr-gcc/9/gcc/avr/9.3.0/../../../../../../avr/lib/avr25/libc.a(utoa_ncheck.o)
                0x000000000000117a                __utoa_ncheck
                0x000000000000117c                __utoa_common
 .text.avr-libc
                0x00000000000011ac      0x33c /opt/homebrew/Cellar/avr-gcc@9/9.3.0_3/lib/avr-gcc/9/gcc/avr/9.3.0/../../../../../../avr/lib/avr25/libc.a(dtoa_prf.o)
                0x00000000000011ac                dtoa_prf
 .text.avr-libc
                0x00000000000014e8      0x1b0 /opt/homebrew/Cellar/avr-gcc@9/9.3.0_3/lib/avr-gcc/9/gcc/avr/9.3.0/../../../../../../avr/lib/avr25/libc.a(ftoa_engine.o)
                0x00000000000014e8                __ftoa_engine
 .text.avr-libc
                0x0000000000001698       0x20 /opt/homebrew/Cellar/avr-gcc@9/9.3.0_3/lib/avr-gcc/9/gcc/avr/9.3.0/../../../../../../avr/lib/avr25/libc.a(strrev.o)
                0x0000000000001698                strrev
                0x00000000000016b8                . = ALIGN (0x2)
 *(.fini9)
 .fini9         0x00000000000016b8        0x0 /opt/homebrew/Cellar/avr-gcc@9/9.3.0_3/lib/avr-gcc/9/gcc/avr/9.3.0/avr25/libgcc.a(_exit.o)
                0x00000000000016b8                exit
                0x00000000000016b8                _exit
 *(.fini9)
 *(.fini8)
 *(.fini8)
 *(.fini7)
 *(.fini7)
 *(.fini6)
 *(.fini6)
 *(.fini5)
 *(.fini5)
 *(.fini4)
 *(.fini4)
 *(.fini3)
 *(.fini3)
 *(.fini2)
 *(.fini2)
 *(.fini1)
 *(.fini1)
 *(.fini0)
 .fini0         0x00000000000016b8        0x4 /opt/homebrew/Cellar/avr-gcc@9/9.3.0_3/lib/avr-gcc/9/gcc/avr/9.3.0/avr25/libgcc.a(_exit.o)
 *(.fini0)
 *(.hightext)
 *(.hightext*)
 *(.progmemx.*)
                0x00000000000016bc                . = ALIGN (0x2)
 *(.jumptables)
 *(.jumptables*)
                0x00000000000016bc                _etext = .

.data           0x0000000000800060      0x112 load address 0x00000000000016bc
                0x0000000000800060                PROVIDE (__data_start = .)
 *(.data)
 .data          0x0000000000800060        0x0 /opt/homebrew/Cellar/avr-gcc@9/9.3.0_3/lib/avr-gcc/9/gcc/avr/9.3.0/../../../../../../avr/lib/avr25/crtattiny84.o
 .data          0x0000000000800060        0x0 Builds/defaults.o
 .data          0x0000000000800060        0x0 Builds/heater.o
 .data          0x0000000000800060       0x10 Builds/liquid_crystal.o
                0x0000000000800060                dataPort
                0x0000000000800064                initial
 .data          0x0000000000800070       0x5c Builds/main.o
                0x0000000000800070                profiles
 .data          0x00000000008000cc        0x0 Builds/nuts_bolts.o
 .data          0x00000000008000cc        0x0 Builds/sensor.o
 .data          0x00000000008000cc        0x0 /opt/homebrew/Cellar/avr-gcc@9/9.3.0_3/lib/avr-gcc/9/gcc/avr/9.3.0/../../../../../../avr/lib/avr25/libm.a(cmpsf2.o)
 .data          0x00000000008000cc        0x0 /opt/homebrew/Cellar/avr-gcc@9/9.3.0_3/lib/avr-gcc/9/gcc/avr/9.3.0/../../../../../../avr/lib/avr25/libm.a(fixunssfsi.o)
 .data          0x00000000008000cc        0x0 /opt/homebrew/Cellar/avr-gcc@9/9.3.0_3/lib/avr-gcc/9/gcc/avr/9.3.0/../../../../../../avr/lib/avr25/libm.a(floatsisf.o)
 .data          0x00000000008000cc        0x0 /opt/homebrew/Cellar/avr-gcc@9/9.3.0_3/lib/avr-gcc/9/gcc/avr/9.3.0/../../../../../../avr/lib/avr25/libm.a(fp_cmp.o)
 .data          0x00000000008000cc        0x0 /opt/homebrew/Cellar/avr-gcc@9/9.3.0_3/lib/avr-gcc/9/gcc/avr/9.3.0/../../../../../../avr/lib/avr25/libm.a(fp_split3.o)
 .data          0x00000000008000cc        0x0 /opt/homebrew/Cellar/avr-gcc@9/9.3.0_3/lib/avr-gcc/9/gcc/avr/9.3.0/../../../../../../avr/lib/avr25/libm.a(fp_zero.o)
 .data          0x00000000008000cc        0x0 /opt/homebrew/Cellar/avr-gcc@9/9.3.0_3/lib/avr-gcc/9/gcc/avr/9.3.0/../../../../../../avr/lib/avr25/libm.a(gesf2.o)
 .data          0x00000000008000cc        0x0 /opt/homebrew/Cellar/avr-gcc@9/9.3.0_3/lib/avr-gcc/9/gcc/avr/9.3.0/../../../../../../avr/lib/avr25/libm.a(mulsf3.o)
 .data          0x00000000008000cc        0x0 /opt/homebrew/Cellar/avr-gcc@9/9.3.0_3/lib/avr-gcc/9/gcc/avr/9.3.0/../../../../../../avr/lib/avr25/libm.a(mulsf3x.o)
 .data          0x00000000008000cc        0x0 /opt/homebrew/Cellar/avr-gcc@9/9.3.0_3/lib/avr-gcc/9/gcc/avr/9.3.0/../../../../../../avr/lib/avr25/libm.a(unordsf2.o)
 .data          0x00000000008000cc        0x0 /opt/homebrew/Cellar/avr-gcc@9/9.3.0_3/lib/avr-gcc/9/gcc/avr/9.3.0/../../../../../../avr/lib/avr25/libm.a(fp_inf.o)
 .data          0x00000000008000cc        0x0 /opt/homebrew/Cellar/avr-gcc@9/9.3.0_3/lib/avr-gcc/9/gcc/avr/9.3.0/../../../../../../avr/lib/avr25/libm.a(fp_nan.o)
 .data          0x00000000008000cc        0x0 /opt/homebrew/Cellar/avr-gcc@9/9.3.0_3/lib/avr-gcc/9/gcc/avr/9.3.0/../../../../../../avr/lib/avr25/libm.a(fp_pscA.o)
 .data          0x00000000008000cc        0x0 /opt/homebrew/Cellar/avr-gcc@9/9.3.0_3/lib/avr-gcc/9/gcc/avr/9.3.0/../../../../../../avr/lib/avr25/libm.a(fp_pscB.o)
 .data          0x00000000008000cc        0x0 /opt/homebrew/Cellar/avr-gcc@9/9.3.0_3/lib/avr-gcc/9/gcc/avr/9.3.0/../../../../../../avr/lib/avr25/libm.a(fp_round.o)
 .data          0x00000000008000cc        0x0 /opt/homebrew/Cellar/avr-gcc@9/9.3.0_3/lib/avr-gcc/9/gcc/avr/9.3.0/avr25/libgcc.a(_mulhi3.o)
 .data          0x00000000008000cc        0x0 /opt/homebrew/Cellar/avr-gcc@9/9.3.0_3/lib/avr-gcc/9/gcc/avr/9.3.0/avr25/libgcc.a(_mulsi3.o)
 .data          0x00000000008000cc        0x0 /opt/homebrew/Cellar/avr-gcc@9/9.3.0_3/lib/avr-gcc/9/gcc/avr/9.3.0/avr25/libgcc.a(_divmodsi4.o)
 .data          0x00000000008000cc        0x0 /opt/homebrew/Cellar/avr-gcc@9/9.3.0_3/lib/avr-gcc/9/gcc/avr/9.3.0/avr25/libgcc.a(_negsi2.o)
 .data          0x00000000008000cc        0x0 /opt/homebrew/Cellar/avr-gcc@9/9.3.0_3/lib/avr-gcc/9/gcc/avr/9.3.0/avr25/libgcc.a(_exit.o)
 .data          0x00000000008000cc        0x0 /opt/homebrew/Cellar/avr-gcc@9/9.3.0_3/lib/avr-gcc/9/gcc/avr/9.3.0/avr25/libgcc.a(_copy_data.o)
 .data          0x00000000008000cc        0x0 /opt/homebrew/Cellar/avr-gcc@9/9.3.0_3/lib/avr-gcc/9/gcc/avr/9.3.0/avr25/libgcc.a(_clear_bss.o)
 .data          0x00000000008000cc        0x0 /opt/homebrew/Cellar/avr-gcc@9/9.3.0_3/lib/avr-gcc/9/gcc/avr/9.3.0/avr25/libgcc.a(_udivmodsi4.o)
 .data          0x00000000008000cc        0x0 /opt/homebrew/Cellar/avr-gcc@9/9.3.0_3/lib/avr-gcc/9/gcc/avr/9.3.0/../../../../../../avr/lib/avr25/libc.a(dtostrf.o)
 .data          0x00000000008000cc        0x0 /opt/homebrew/Cellar/avr-gcc@9/9.3.0_3/lib/avr-gcc/9/gcc/avr/9.3.0/../../../../../../avr/lib/avr25/libc.a(itoa_ncheck.o)
 .data          0x00000000008000cc        0x0 /opt/homebrew/Cellar/avr-gcc@9/9.3.0_3/lib/avr-gcc/9/gcc/avr/9.3.0/../../../../../../avr/lib/avr25/libc.a(utoa_ncheck.o)
 .data          0x00000000008000cc        0x0 /opt/homebrew/Cellar/avr-gcc@9/9.3.0_3/lib/avr-gcc/9/gcc/avr/9.3.0/../../../../../../avr/lib/avr25/libc.a(dtoa_prf.o)
 .data          0x00000000008000cc        0x0 /opt/homebrew/Cellar/avr-gcc@9/9.3.0_3/lib/avr-gcc/9/gcc/avr/9.3.0/../../../../../../avr/lib/avr25/libc.a(ftoa_engine.o)
 .data          0x00000000008000cc        0x0 /opt/homebrew/Cellar/avr-gcc@9/9.3.0_3/lib/avr-gcc/9/gcc/avr/9.3.0/../../../../../../avr/lib/avr25/libc.a(strrev.o)
 *(.data*)
 *(.gnu.linkonce.d*)
 *(.rodata)
 *(.rodata*)
 .rodata.str1.1
                0x00000000008000cc        0xd Builds/heater.o
 .rodata.str1.1
                0x00000000008000d9       0x99 Builds/main.o
 *(.gnu.linkonce.r*)
                0x0000000000800172                . = ALIGN (0x2)
                0x0000000000800172                _edata = .
                0x0000000000800172                PROVIDE (__data_end = .)

.bss            0x0000000000800172       0x29
                0x0000000000800172                PROVIDE (__bss_start = .)
 *(.bss)
 .bss           0x0000000000800172        0x0 /opt/homebrew/Cellar/avr-gcc@9/9.3.0_3/lib/avr-gcc/9/gcc/avr/9.3.0/../../../../../../avr/lib/avr25/crtattiny84.o
 .bss           0x0000000000800172        0x0 Builds/defaults.o
 .bss           0x0000000000800172        0xf Builds/heater.o
                0x0000000000800172                state
                0x0000000000800173                temp
                0x0000000000800177                lcdCount
                0x0000000000800179                count
                0x000000000080017d                seconds
 .bss           0x0000000000800181        0x0 Builds/liquid_crystal.o
 .bss           0x0000000000800181        0x0 Builds/main.o
 .bss           0x0000000000800181        0x9 Builds/nuts_bolts.o
                0x0000000000800181                timer0_millis
                0x0000000000800185                timer0_overflow_count
 .bss           0x000000000080018a        0x0 Builds/sensor.o
 .bss           0x000000000080018a        0x0 /opt/homebrew/Cellar/avr-gcc@9/9.3.0_3/lib/avr-gcc/9/gcc/avr/9.3.0/../../../../../../avr/lib/avr25/libm.a(cmpsf2.o)
 .bss           0x000000000080018a        0x0 /opt/homebrew/Cellar/avr-gcc@9/9.3.0_3/lib/avr-gcc/9/gcc/avr/9.3.0/../../../../../../avr/lib/avr25/libm.a(fixunssfsi.o)
 .bss           0x000000000080018a        0x0 /opt/homebrew/Cellar/avr-gcc@9/9.3.0_3/lib/avr-gcc/9/gcc/avr/9.3.0/../../../../../../avr/lib/avr25/libm.a(floatsisf.o)
 .bss           0x000000000080018a        0x0 /opt/homebrew/Cellar/avr-gcc@9/9.3.0_3/lib/avr-gcc/9/gcc/avr/9.3.0/../../../../../../avr/lib/avr25/libm.a(fp_cmp.o)
 .bss           0x000000000080018a        0x0 /opt/homebrew/Cellar/avr-gcc@9/9.3.0_3/lib/avr-gcc/9/gcc/avr/9.3.0/../../../../../../avr/lib/avr25/libm.a(fp_split3.o)
 .bss           0x000000000080018a        0x0 /opt/homebrew/Cellar/avr-gcc@9/9.3.0_3/lib/avr-gcc/9/gcc/avr/9.3.0/../../../../../../avr/lib/avr25/libm.a(fp_zero.o)
 .bss           0x000000000080018a        0x0 /opt/homebrew/Cellar/avr-gcc@9/9.3.0_3/lib/avr-gcc/9/gcc/avr/9.3.0/../../../../../../avr/lib/avr25/libm.a(gesf2.o)
 .bss           0x000000000080018a        0x0 /opt/homebrew/Cellar/avr-gcc@9/9.3.0_3/lib/avr-gcc/9/gcc/avr/9.3.0/../../../../../../avr/lib/avr25/libm.a(mulsf3.o)
 .bss           0x000000000080018a        0x0 /opt/homebrew/Cellar/avr-gcc@9/9.3.0_3/lib/avr-gcc/9/gcc/avr/9.3.0/../../../../../../avr/lib/avr25/libm.a(mulsf3x.o)
 .bss           0x000000000080018a        0x0 /opt/homebrew/Cellar/avr-gcc@9/9.3.0_3/lib/avr-gcc/9/gcc/avr/9.3.0/../../../../../../avr/lib/avr25/libm.a(unordsf2.o)
 .bss           0x000000000080018a        0x0 /opt/homebrew/Cellar/avr-gcc@9/9.3.0_3/lib/avr-gcc/9/gcc/avr/9.3.0/../../../../../../avr/lib/avr25/libm.a(fp_inf.o)
 .bss           0x000000000080018a        0x0 /opt/homebrew/Cellar/avr-gcc@9/9.3.0_3/lib/avr-gcc/9/gcc/avr/9.3.0/../../../../../../avr/lib/avr25/libm.a(fp_nan.o)
 .bss           0x000000000080018a        0x0 /opt/homebrew/Cellar/avr-gcc@9/9.3.0_3/lib/avr-gcc/9/gcc/avr/9.3.0/../../../../../../avr/lib/avr25/libm.a(fp_pscA.o)
 .bss           0x000000000080018a        0x0 /opt/homebrew/Cellar/avr-gcc@9/9.3.0_3/lib/avr-gcc/9/gcc/avr/9.3.0/../../../../../../avr/lib/avr25/libm.a(fp_pscB.o)
 .bss           0x000000000080018a        0x0 /opt/homebrew/Cellar/avr-gcc@9/9.3.0_3/lib/avr-gcc/9/gcc/avr/9.3.0/../../../../../../avr/lib/avr25/libm.a(fp_round.o)
 .bss           0x000000000080018a        0x0 /opt/homebrew/Cellar/avr-gcc@9/9.3.0_3/lib/avr-gcc/9/gcc/avr/9.3.0/avr25/libgcc.a(_mulhi3.o)
 .bss           0x000000000080018a        0x0 /opt/homebrew/Cellar/avr-gcc@9/9.3.0_3/lib/avr-gcc/9/gcc/avr/9.3.0/avr25/libgcc.a(_mulsi3.o)
 .bss           0x000000000080018a        0x0 /opt/homebrew/Cellar/avr-gcc@9/9.3.0_3/lib/avr-gcc/9/gcc/avr/9.3.0/avr25/libgcc.a(_divmodsi4.o)
 .bss           0x000000000080018a        0x0 /opt/homebrew/Cellar/avr-gcc@9/9.3.0_3/lib/avr-gcc/9/gcc/avr/9.3.0/avr25/libgcc.a(_negsi2.o)
 .bss           0x000000000080018a        0x0 /opt/homebrew/Cellar/avr-gcc@9/9.3.0_3/lib/avr-gcc/9/gcc/avr/9.3.0/avr25/libgcc.a(_exit.o)
 .bss           0x000000000080018a        0x0 /opt/homebrew/Cellar/avr-gcc@9/9.3.0_3/lib/avr-gcc/9/gcc/avr/9.3.0/avr25/libgcc.a(_copy_data.o)
 .bss           0x000000000080018a        0x0 /opt/homebrew/Cellar/avr-gcc@9/9.3.0_3/lib/avr-gcc/9/gcc/avr/9.3.0/avr25/libgcc.a(_clear_bss.o)
 .bss           0x000000000080018a        0x0 /opt/homebrew/Cellar/avr-gcc@9/9.3.0_3/lib/avr-gcc/9/gcc/avr/9.3.0/avr25/libgcc.a(_udivmodsi4.o)
 .bss           0x000000000080018a        0x0 /opt/homebrew/Cellar/avr-gcc@9/9.3.0_3/lib/avr-gcc/9/gcc/avr/9.3.0/../../../../../../avr/lib/avr25/libc.a(dtostrf.o)
 .bss           0x000000000080018a        0x0 /opt/homebrew/Cellar/avr-gcc@9/9.3.0_3/lib/avr-gcc/9/gcc/avr/9.3.0/../../../../../../avr/lib/avr25/libc.a(itoa_ncheck.o)
 .bss           0x000000000080018a        0x0 /opt/homebrew/Cellar/avr-gcc@9/9.3.0_3/lib/avr-gcc/9/gcc/avr/9.3.0/../../../../../../avr/lib/avr25/libc.a(utoa_ncheck.o)
 .bss           0x000000000080018a        0x0 /opt/homebrew/Cellar/avr-gcc@9/9.3.0_3/lib/avr-gcc/9/gcc/avr/9.3.0/../../../../../../avr/lib/avr25/libc.a(dtoa_prf.o)
 .bss           0x000000000080018a        0x0 /opt/homebrew/Cellar/avr-gcc@9/9.3.0_3/lib/avr-gcc/9/gcc/avr/9.3.0/../../../../../../avr/lib/avr25/libc.a(ftoa_engine.o)
 .bss           0x000000000080018a        0x0 /opt/homebrew/Cellar/avr-gcc@9/9.3.0_3/lib/avr-gcc/9/gcc/avr/9.3.0/../../../../../../avr/lib/avr25/libc.a(strrev.o)
 *(.bss*)
 *(COMMON)
 COMMON         0x000000000080018a       0x11 Builds/defaults.o
                0x000000000080018a                stopped
                0x000000000080018b                summation
                0x000000000080018f                isInitialChoiceState
                0x0000000000800190                profileSelected
                0x0000000000800191                relay_state
                0x0000000000800193                input
                0x0000000000800194                started
                0x0000000000800195                selectedProfile
                0x0000000000800196                isInitialState
                0x0000000000800197                adc
                0x0000000000800199                targetTemperature
                0x000000000080019b                PROVIDE (__bss_end = .)
                0x00000000000016bc                __data_load_start = LOADADDR (.data)
                0x00000000000017ce                __data_load_end = (__data_load_start + SIZEOF (.data))

.noinit         0x000000000080019b        0x0
                [!provide]                        PROVIDE (__noinit_start = .)
 *(.noinit .noinit.* .gnu.linkonce.n.*)
                [!provide]                        PROVIDE (__noinit_end = .)
                0x000000000080019b                _end = .
                [!provide]                        PROVIDE (__heap_start = .)

.eeprom         0x0000000000810000        0x0
 *(.eeprom*)
                0x0000000000810000                __eeprom_end = .

.fuse
 *(.fuse)
 *(.lfuse)
 *(.hfuse)
 *(.efuse)

.lock
 *(.lock*)

.signature
 *(.signature*)

.stab           0x0000000000000000     0x3198
 *(.stab)
 .stab          0x0000000000000000      0x720 Builds/defaults.o
 .stab          0x0000000000000720      0x9b4 Builds/heater.o
                                        0xcf0 (size before relaxing)
 .stab          0x00000000000010d4      0xb04 Builds/liquid_crystal.o
                                        0xe40 (size before relaxing)
 .stab          0x0000000000001bd8      0x930 Builds/main.o
                                        0xc6c (size before relaxing)
 .stab          0x0000000000002508      0x7ec Builds/nuts_bolts.o
                                        0xb28 (size before relaxing)
 .stab          0x0000000000002cf4      0x4a4 Builds/sensor.o
                                        0x7e0 (size before relaxing)

.stabstr        0x0000000000000000     0x1aaa
 *(.stabstr)
 .stabstr       0x0000000000000000     0x1aaa Builds/defaults.o

.stab.excl
 *(.stab.excl)

.stab.exclstr
 *(.stab.exclstr)

.stab.index
 *(.stab.index)

.stab.indexstr
 *(.stab.indexstr)

.comment        0x0000000000000000       0x26
 *(.comment)
 .comment       0x0000000000000000       0x26 Builds/defaults.o
                                         0x27 (size before relaxing)
 .comment       0x0000000000000026       0x27 Builds/heater.o
 .comment       0x0000000000000026       0x27 Builds/liquid_crystal.o
 .comment       0x0000000000000026       0x27 Builds/main.o
 .comment       0x0000000000000026       0x27 Builds/nuts_bolts.o
 .comment       0x0000000000000026       0x27 Builds/sensor.o
 .comment       0x0000000000000026       0x27 /opt/homebrew/Cellar/avr-gcc@9/9.3.0_3/lib/avr-gcc/9/gcc/avr/9.3.0/../../../../../../avr/lib/avr25/libc.a(dtostrf.o)
 .comment       0x0000000000000026       0x27 /opt/homebrew/Cellar/avr-gcc@9/9.3.0_3/lib/avr-gcc/9/gcc/avr/9.3.0/../../../../../../avr/lib/avr25/libc.a(dtoa_prf.o)

.note.gnu.avr.deviceinfo
                0x0000000000000000       0x3c
 .note.gnu.avr.deviceinfo
                0x0000000000000000       0x3c /opt/homebrew/Cellar/avr-gcc@9/9.3.0_3/lib/avr-gcc/9/gcc/avr/9.3.0/../../../../../../avr/lib/avr25/crtattiny84.o

.note.gnu.build-id
 *(.note.gnu.build-id)

.debug
 *(.debug)

.line
 *(.line)

.debug_srcinfo
 *(.debug_srcinfo)

.debug_sfnames
 *(.debug_sfnames)

.debug_aranges  0x0000000000000000      0x100
 *(.debug_aranges)
 .debug_aranges
                0x0000000000000000       0x20 /opt/homebrew/Cellar/avr-gcc@9/9.3.0_3/lib/avr-gcc/9/gcc/avr/9.3.0/avr25/libgcc.a(_mulhi3.o)
 .debug_aranges
                0x0000000000000020       0x20 /opt/homebrew/Cellar/avr-gcc@9/9.3.0_3/lib/avr-gcc/9/gcc/avr/9.3.0/avr25/libgcc.a(_mulsi3.o)
 .debug_aranges
                0x0000000000000040       0x20 /opt/homebrew/Cellar/avr-gcc@9/9.3.0_3/lib/avr-gcc/9/gcc/avr/9.3.0/avr25/libgcc.a(_divmodsi4.o)
 .debug_aranges
                0x0000000000000060       0x20 /opt/homebrew/Cellar/avr-gcc@9/9.3.0_3/lib/avr-gcc/9/gcc/avr/9.3.0/avr25/libgcc.a(_negsi2.o)
 .debug_aranges
                0x0000000000000080       0x20 /opt/homebrew/Cellar/avr-gcc@9/9.3.0_3/lib/avr-gcc/9/gcc/avr/9.3.0/avr25/libgcc.a(_exit.o)
 .debug_aranges
                0x00000000000000a0       0x20 /opt/homebrew/Cellar/avr-gcc@9/9.3.0_3/lib/avr-gcc/9/gcc/avr/9.3.0/avr25/libgcc.a(_copy_data.o)
 .debug_aranges
                0x00000000000000c0       0x20 /opt/homebrew/Cellar/avr-gcc@9/9.3.0_3/lib/avr-gcc/9/gcc/avr/9.3.0/avr25/libgcc.a(_clear_bss.o)
 .debug_aranges
                0x00000000000000e0       0x20 /opt/homebrew/Cellar/avr-gcc@9/9.3.0_3/lib/avr-gcc/9/gcc/avr/9.3.0/avr25/libgcc.a(_udivmodsi4.o)

.debug_pubnames
 *(.debug_pubnames)

.debug_info     0x0000000000000000      0x550
 *(.debug_info .gnu.linkonce.wi.*)
 .debug_info    0x0000000000000000      0x420 /opt/homebrew/Cellar/avr-gcc@9/9.3.0_3/lib/avr-gcc/9/gcc/avr/9.3.0/../../../../../../avr/lib/avr25/crtattiny84.o
 .debug_info    0x0000000000000420       0x26 /opt/homebrew/Cellar/avr-gcc@9/9.3.0_3/lib/avr-gcc/9/gcc/avr/9.3.0/avr25/libgcc.a(_mulhi3.o)
 .debug_info    0x0000000000000446       0x26 /opt/homebrew/Cellar/avr-gcc@9/9.3.0_3/lib/avr-gcc/9/gcc/avr/9.3.0/avr25/libgcc.a(_mulsi3.o)
 .debug_info    0x000000000000046c       0x26 /opt/homebrew/Cellar/avr-gcc@9/9.3.0_3/lib/avr-gcc/9/gcc/avr/9.3.0/avr25/libgcc.a(_divmodsi4.o)
 .debug_info    0x0000000000000492       0x26 /opt/homebrew/Cellar/avr-gcc@9/9.3.0_3/lib/avr-gcc/9/gcc/avr/9.3.0/avr25/libgcc.a(_negsi2.o)
 .debug_info    0x00000000000004b8       0x26 /opt/homebrew/Cellar/avr-gcc@9/9.3.0_3/lib/avr-gcc/9/gcc/avr/9.3.0/avr25/libgcc.a(_exit.o)
 .debug_info    0x00000000000004de       0x26 /opt/homebrew/Cellar/avr-gcc@9/9.3.0_3/lib/avr-gcc/9/gcc/avr/9.3.0/avr25/libgcc.a(_copy_data.o)
 .debug_info    0x0000000000000504       0x26 /opt/homebrew/Cellar/avr-gcc@9/9.3.0_3/lib/avr-gcc/9/gcc/avr/9.3.0/avr25/libgcc.a(_clear_bss.o)
 .debug_info    0x000000000000052a       0x26 /opt/homebrew/Cellar/avr-gcc@9/9.3.0_3/lib/avr-gcc/9/gcc/avr/9.3.0/avr25/libgcc.a(_udivmodsi4.o)

.debug_abbrev   0x0000000000000000      0x488
 *(.debug_abbrev)
 .debug_abbrev  0x0000000000000000      0x3e8 /opt/homebrew/Cellar/avr-gcc@9/9.3.0_3/lib/avr-gcc/9/gcc/avr/9.3.0/../../../../../../avr/lib/avr25/crtattiny84.o
 .debug_abbrev  0x00000000000003e8       0x14 /opt/homebrew/Cellar/avr-gcc@9/9.3.0_3/lib/avr-gcc/9/gcc/avr/9.3.0/avr25/libgcc.a(_mulhi3.o)
 .debug_abbrev  0x00000000000003fc       0x14 /opt/homebrew/Cellar/avr-gcc@9/9.3.0_3/lib/avr-gcc/9/gcc/avr/9.3.0/avr25/libgcc.a(_mulsi3.o)
 .debug_abbrev  0x0000000000000410       0x14 /opt/homebrew/Cellar/avr-gcc@9/9.3.0_3/lib/avr-gcc/9/gcc/avr/9.3.0/avr25/libgcc.a(_divmodsi4.o)
 .debug_abbrev  0x0000000000000424       0x14 /opt/homebrew/Cellar/avr-gcc@9/9.3.0_3/lib/avr-gcc/9/gcc/avr/9.3.0/avr25/libgcc.a(_negsi2.o)
 .debug_abbrev  0x0000000000000438       0x14 /opt/homebrew/Cellar/avr-gcc@9/9.3.0_3/lib/avr-gcc/9/gcc/avr/9.3.0/avr25/libgcc.a(_exit.o)
 .debug_abbrev  0x000000000000044c       0x14 /opt/homebrew/Cellar/avr-gcc@9/9.3.0_3/lib/avr-gcc/9/gcc/avr/9.3.0/avr25/libgcc.a(_copy_data.o)
 .debug_abbrev  0x0000000000000460       0x14 /opt/homebrew/Cellar/avr-gcc@9/9.3.0_3/lib/avr-gcc/9/gcc/avr/9.3.0/avr25/libgcc.a(_clear_bss.o)
 .debug_abbrev  0x0000000000000474       0x14 /opt/homebrew/Cellar/avr-gcc@9/9.3.0_3/lib/avr-gcc/9/gcc/avr/9.3.0/avr25/libgcc.a(_udivmodsi4.o)

.debug_line     0x0000000000000000      0x559
 *(.debug_line .debug_line.* .debug_line_end)
 .debug_line    0x0000000000000000       0x1d /opt/homebrew/Cellar/avr-gcc@9/9.3.0_3/lib/avr-gcc/9/gcc/avr/9.3.0/../../../../../../avr/lib/avr25/crtattiny84.o
 .debug_line    0x000000000000001d       0xbb /opt/homebrew/Cellar/avr-gcc@9/9.3.0_3/lib/avr-gcc/9/gcc/avr/9.3.0/avr25/libgcc.a(_mulhi3.o)
 .debug_line    0x00000000000000d8       0xb5 /opt/homebrew/Cellar/avr-gcc@9/9.3.0_3/lib/avr-gcc/9/gcc/avr/9.3.0/avr25/libgcc.a(_mulsi3.o)
 .debug_line    0x000000000000018d       0xcd /opt/homebrew/Cellar/avr-gcc@9/9.3.0_3/lib/avr-gcc/9/gcc/avr/9.3.0/avr25/libgcc.a(_divmodsi4.o)
 .debug_line    0x000000000000025a       0x61 /opt/homebrew/Cellar/avr-gcc@9/9.3.0_3/lib/avr-gcc/9/gcc/avr/9.3.0/avr25/libgcc.a(_negsi2.o)
 .debug_line    0x00000000000002bb       0x61 /opt/homebrew/Cellar/avr-gcc@9/9.3.0_3/lib/avr-gcc/9/gcc/avr/9.3.0/avr25/libgcc.a(_exit.o)
 .debug_line    0x000000000000031c       0x97 /opt/homebrew/Cellar/avr-gcc@9/9.3.0_3/lib/avr-gcc/9/gcc/avr/9.3.0/avr25/libgcc.a(_copy_data.o)
 .debug_line    0x00000000000003b3       0x85 /opt/homebrew/Cellar/avr-gcc@9/9.3.0_3/lib/avr-gcc/9/gcc/avr/9.3.0/avr25/libgcc.a(_clear_bss.o)
 .debug_line    0x0000000000000438      0x121 /opt/homebrew/Cellar/avr-gcc@9/9.3.0_3/lib/avr-gcc/9/gcc/avr/9.3.0/avr25/libgcc.a(_udivmodsi4.o)

.debug_frame
 *(.debug_frame)

.debug_str      0x0000000000000000      0x1f9
 *(.debug_str)
 .debug_str     0x0000000000000000      0x173 /opt/homebrew/Cellar/avr-gcc@9/9.3.0_3/lib/avr-gcc/9/gcc/avr/9.3.0/../../../../../../avr/lib/avr25/crtattiny84.o
 .debug_str     0x0000000000000173       0x86 /opt/homebrew/Cellar/avr-gcc@9/9.3.0_3/lib/avr-gcc/9/gcc/avr/9.3.0/avr25/libgcc.a(_mulhi3.o)
 .debug_str     0x00000000000001f9       0x86 /opt/homebrew/Cellar/avr-gcc@9/9.3.0_3/lib/avr-gcc/9/gcc/avr/9.3.0/avr25/libgcc.a(_mulsi3.o)
 .debug_str     0x00000000000001f9       0x86 /opt/homebrew/Cellar/avr-gcc@9/9.3.0_3/lib/avr-gcc/9/gcc/avr/9.3.0/avr25/libgcc.a(_divmodsi4.o)
 .debug_str     0x00000000000001f9       0x86 /opt/homebrew/Cellar/avr-gcc@9/9.3.0_3/lib/avr-gcc/9/gcc/avr/9.3.0/avr25/libgcc.a(_negsi2.o)
 .debug_str     0x00000000000001f9       0x86 /opt/homebrew/Cellar/avr-gcc@9/9.3.0_3/lib/avr-gcc/9/gcc/avr/9.3.0/avr25/libgcc.a(_exit.o)
 .debug_str     0x00000000000001f9       0x86 /opt/homebrew/Cellar/avr-gcc@9/9.3.0_3/lib/avr-gcc/9/gcc/avr/9.3.0/avr25/libgcc.a(_copy_data.o)
 .debug_str     0x00000000000001f9       0x86 /opt/homebrew/Cellar/avr-gcc@9/9.3.0_3/lib/avr-gcc/9/gcc/avr/9.3.0/avr25/libgcc.a(_clear_bss.o)
 .debug_str     0x00000000000001f9       0x86 /opt/homebrew/Cellar/avr-gcc@9/9.3.0_3/lib/avr-gcc/9/gcc/avr/9.3.0/avr25/libgcc.a(_udivmodsi4.o)

.debug_loc
 *(.debug_loc)

.debug_macinfo
 *(.debug_macinfo)

.debug_weaknames
 *(.debug_weaknames)

.debug_funcnames
 *(.debug_funcnames)

.debug_typenames
 *(.debug_typenames)

.debug_varnames
 *(.debug_varnames)

.debug_pubtypes
 *(.debug_pubtypes)

.debug_ranges
 *(.debug_ranges)

.debug_addr
 *(.debug_addr)

.debug_line_str
 *(.debug_line_str)

.debug_loclists
 *(.debug_loclists)

.debug_macro
 *(.debug_macro)

.debug_names
 *(.debug_names)

.debug_rnglists
 *(.debug_rnglists)

.debug_str_offsets
 *(.debug_str_offsets)

.debug_sup
 *(.debug_sup)
OUTPUT(Builds/main.elf elf32-avr)
LOAD linker stubs

Cross Reference Table

Symbol                                            File
LCD_changeAddress                                 Builds/liquid_crystal.o
                                                  Builds/main.o
                                                  Builds/heater.o
LCD_clear                                         Builds/liquid_crystal.o
                                                  Builds/main.o
                                                  Builds/heater.o
LCD_send                                          Builds/liquid_crystal.o
LCD_sendString                                    Builds/liquid_crystal.o
                                                  Builds/main.o
                                                  Builds/heater.o
__bad_interrupt                                   /opt/homebrew/Cellar/avr-gcc@9/9.3.0_3/lib/avr-gcc/9/gcc/avr/9.3.0/../../../../../../avr/lib/avr25/crtattiny84.o
__bss_end                                         /opt/homebrew/Cellar/avr-gcc@9/9.3.0_3/lib/avr-gcc/9/gcc/avr/9.3.0/avr25/libgcc.a(_clear_bss.o)
__bss_start                                       /opt/homebrew/Cellar/avr-gcc@9/9.3.0_3/lib/avr-gcc/9/gcc/avr/9.3.0/avr25/libgcc.a(_clear_bss.o)
__cmpsf2                                          /opt/homebrew/Cellar/avr-gcc@9/9.3.0_3/lib/avr-gcc/9/gcc/avr/9.3.0/../../../../../../avr/lib/avr25/libm.a(cmpsf2.o)
__data_end                                        /opt/homebrew/Cellar/avr-gcc@9/9.3.0_3/lib/avr-gcc/9/gcc/avr/9.3.0/avr25/libgcc.a(_copy_data.o)
__data_load_start                                 /opt/homebrew/Cellar/avr-gcc@9/9.3.0_3/lib/avr-gcc/9/gcc/avr/9.3.0/avr25/libgcc.a(_copy_data.o)
__data_start                                      /opt/homebrew/Cellar/avr-gcc@9/9.3.0_3/lib/avr-gcc/9/gcc/avr/9.3.0/avr25/libgcc.a(_copy_data.o)
__divmodsi4                                       /opt/homebrew/Cellar/avr-gcc@9/9.3.0_3/lib/avr-gcc/9/gcc/avr/9.3.0/avr25/libgcc.a(_divmodsi4.o)
                                                  Builds/nuts_bolts.o
__do_clear_bss                                    /opt/homebrew/Cellar/avr-gcc@9/9.3.0_3/lib/avr-gcc/9/gcc/avr/9.3.0/avr25/libgcc.a(_clear_bss.o)
                                                  Builds/sensor.o
                                                  Builds/nuts_bolts.o
                                                  Builds/main.o
                                                  Builds/liquid_crystal.o
                                                  Builds/heater.o
                                                  Builds/defaults.o
__do_copy_data                                    /opt/homebrew/Cellar/avr-gcc@9/9.3.0_3/lib/avr-gcc/9/gcc/avr/9.3.0/avr25/libgcc.a(_copy_data.o)
                                                  Builds/main.o
                                                  Builds/liquid_crystal.o
                                                  Builds/heater.o
__eqsf2                                           /opt/homebrew/Cellar/avr-gcc@9/9.3.0_3/lib/avr-gcc/9/gcc/avr/9.3.0/../../../../../../avr/lib/avr25/libm.a(cmpsf2.o)
__fixunssfsi                                      /opt/homebrew/Cellar/avr-gcc@9/9.3.0_3/lib/avr-gcc/9/gcc/avr/9.3.0/../../../../../../avr/lib/avr25/libm.a(fixunssfsi.o)
                                                  Builds/heater.o
__floatsisf                                       /opt/homebrew/Cellar/avr-gcc@9/9.3.0_3/lib/avr-gcc/9/gcc/avr/9.3.0/../../../../../../avr/lib/avr25/libm.a(floatsisf.o)
                                                  Builds/heater.o
__floatunsisf                                     /opt/homebrew/Cellar/avr-gcc@9/9.3.0_3/lib/avr-gcc/9/gcc/avr/9.3.0/../../../../../../avr/lib/avr25/libm.a(floatsisf.o)
__fp_cmp                                          /opt/homebrew/Cellar/avr-gcc@9/9.3.0_3/lib/avr-gcc/9/gcc/avr/9.3.0/../../../../../../avr/lib/avr25/libm.a(fp_cmp.o)
                                                  /opt/homebrew/Cellar/avr-gcc@9/9.3.0_3/lib/avr-gcc/9/gcc/avr/9.3.0/../../../../../../avr/lib/avr25/libm.a(unordsf2.o)
                                                  /opt/homebrew/Cellar/avr-gcc@9/9.3.0_3/lib/avr-gcc/9/gcc/avr/9.3.0/../../../../../../avr/lib/avr25/libm.a(gesf2.o)
                                                  /opt/homebrew/Cellar/avr-gcc@9/9.3.0_3/lib/avr-gcc/9/gcc/avr/9.3.0/../../../../../../avr/lib/avr25/libm.a(cmpsf2.o)
__fp_inf                                          /opt/homebrew/Cellar/avr-gcc@9/9.3.0_3/lib/avr-gcc/9/gcc/avr/9.3.0/../../../../../../avr/lib/avr25/libm.a(fp_inf.o)
                                                  /opt/homebrew/Cellar/avr-gcc@9/9.3.0_3/lib/avr-gcc/9/gcc/avr/9.3.0/../../../../../../avr/lib/avr25/libm.a(mulsf3x.o)
__fp_nan                                          /opt/homebrew/Cellar/avr-gcc@9/9.3.0_3/lib/avr-gcc/9/gcc/avr/9.3.0/../../../../../../avr/lib/avr25/libm.a(fp_nan.o)
                                                  /opt/homebrew/Cellar/avr-gcc@9/9.3.0_3/lib/avr-gcc/9/gcc/avr/9.3.0/../../../../../../avr/lib/avr25/libm.a(mulsf3x.o)
__fp_pscA                                         /opt/homebrew/Cellar/avr-gcc@9/9.3.0_3/lib/avr-gcc/9/gcc/avr/9.3.0/../../../../../../avr/lib/avr25/libm.a(fp_pscA.o)
                                                  /opt/homebrew/Cellar/avr-gcc@9/9.3.0_3/lib/avr-gcc/9/gcc/avr/9.3.0/../../../../../../avr/lib/avr25/libm.a(mulsf3x.o)
__fp_pscB                                         /opt/homebrew/Cellar/avr-gcc@9/9.3.0_3/lib/avr-gcc/9/gcc/avr/9.3.0/../../../../../../avr/lib/avr25/libm.a(fp_pscB.o)
                                                  /opt/homebrew/Cellar/avr-gcc@9/9.3.0_3/lib/avr-gcc/9/gcc/avr/9.3.0/../../../../../../avr/lib/avr25/libm.a(mulsf3x.o)
__fp_round                                        /opt/homebrew/Cellar/avr-gcc@9/9.3.0_3/lib/avr-gcc/9/gcc/avr/9.3.0/../../../../../../avr/lib/avr25/libm.a(fp_round.o)
                                                  /opt/homebrew/Cellar/avr-gcc@9/9.3.0_3/lib/avr-gcc/9/gcc/avr/9.3.0/../../../../../../avr/lib/avr25/libm.a(mulsf3.o)
__fp_split3                                       /opt/homebrew/Cellar/avr-gcc@9/9.3.0_3/lib/avr-gcc/9/gcc/avr/9.3.0/../../../../../../avr/lib/avr25/libm.a(fp_split3.o)
                                                  /opt/homebrew/Cellar/avr-gcc@9/9.3.0_3/lib/avr-gcc/9/gcc/avr/9.3.0/../../../../../../avr/lib/avr25/libm.a(mulsf3x.o)
__fp_splitA                                       /opt/homebrew/Cellar/avr-gcc@9/9.3.0_3/lib/avr-gcc/9/gcc/avr/9.3.0/../../../../../../avr/lib/avr25/libm.a(fp_split3.o)
                                                  /opt/homebrew/Cellar/avr-gcc@9/9.3.0_3/lib/avr-gcc/9/gcc/avr/9.3.0/../../../../../../avr/lib/avr25/libm.a(fixunssfsi.o)
__fp_szero                                        /opt/homebrew/Cellar/avr-gcc@9/9.3.0_3/lib/avr-gcc/9/gcc/avr/9.3.0/../../../../../../avr/lib/avr25/libm.a(fp_zero.o)
                                                  /opt/homebrew/Cellar/avr-gcc@9/9.3.0_3/lib/avr-gcc/9/gcc/avr/9.3.0/../../../../../../avr/lib/avr25/libm.a(mulsf3x.o)
__fp_zero                                         /opt/homebrew/Cellar/avr-gcc@9/9.3.0_3/lib/avr-gcc/9/gcc/avr/9.3.0/../../../../../../avr/lib/avr25/libm.a(fp_zero.o)
                                                  /opt/homebrew/Cellar/avr-gcc@9/9.3.0_3/lib/avr-gcc/9/gcc/avr/9.3.0/../../../../../../avr/lib/avr25/libm.a(fixunssfsi.o)
__ftoa_engine                                     /opt/homebrew/Cellar/avr-gcc@9/9.3.0_3/lib/avr-gcc/9/gcc/avr/9.3.0/../../../../../../avr/lib/avr25/libc.a(ftoa_engine.o)
                                                  /opt/homebrew/Cellar/avr-gcc@9/9.3.0_3/lib/avr-gcc/9/gcc/avr/9.3.0/../../../../../../avr/lib/avr25/libc.a(dtoa_prf.o)
__gesf2                                           /opt/homebrew/Cellar/avr-gcc@9/9.3.0_3/lib/avr-gcc/9/gcc/avr/9.3.0/../../../../../../avr/lib/avr25/libm.a(gesf2.o)
__gtsf2                                           /opt/homebrew/Cellar/avr-gcc@9/9.3.0_3/lib/avr-gcc/9/gcc/avr/9.3.0/../../../../../../avr/lib/avr25/libm.a(gesf2.o)
                                                  Builds/heater.o
__heap_end                                        /opt/homebrew/Cellar/avr-gcc@9/9.3.0_3/lib/avr-gcc/9/gcc/avr/9.3.0/../../../../../../avr/lib/avr25/crtattiny84.o
__init                                            /opt/homebrew/Cellar/avr-gcc@9/9.3.0_3/lib/avr-gcc/9/gcc/avr/9.3.0/../../../../../../avr/lib/avr25/crtattiny84.o
__itoa_ncheck                                     /opt/homebrew/Cellar/avr-gcc@9/9.3.0_3/lib/avr-gcc/9/gcc/avr/9.3.0/../../../../../../avr/lib/avr25/libc.a(itoa_ncheck.o)
                                                  Builds/liquid_crystal.o
__lesf2                                           /opt/homebrew/Cellar/avr-gcc@9/9.3.0_3/lib/avr-gcc/9/gcc/avr/9.3.0/../../../../../../avr/lib/avr25/libm.a(cmpsf2.o)
                                                  Builds/heater.o
__ltsf2                                           /opt/homebrew/Cellar/avr-gcc@9/9.3.0_3/lib/avr-gcc/9/gcc/avr/9.3.0/../../../../../../avr/lib/avr25/libm.a(cmpsf2.o)
__mulhi3                                          /opt/homebrew/Cellar/avr-gcc@9/9.3.0_3/lib/avr-gcc/9/gcc/avr/9.3.0/avr25/libgcc.a(_mulhi3.o)
                                                  Builds/main.o
                                                  Builds/heater.o
__mulsf3                                          /opt/homebrew/Cellar/avr-gcc@9/9.3.0_3/lib/avr-gcc/9/gcc/avr/9.3.0/../../../../../../avr/lib/avr25/libm.a(mulsf3.o)
                                                  Builds/heater.o
__mulsf3_pse                                      /opt/homebrew/Cellar/avr-gcc@9/9.3.0_3/lib/avr-gcc/9/gcc/avr/9.3.0/../../../../../../avr/lib/avr25/libm.a(mulsf3x.o)
__mulsf3x                                         /opt/homebrew/Cellar/avr-gcc@9/9.3.0_3/lib/avr-gcc/9/gcc/avr/9.3.0/../../../../../../avr/lib/avr25/libm.a(mulsf3x.o)
                                                  /opt/homebrew/Cellar/avr-gcc@9/9.3.0_3/lib/avr-gcc/9/gcc/avr/9.3.0/../../../../../../avr/lib/avr25/libm.a(mulsf3.o)
__mulsi3                                          /opt/homebrew/Cellar/avr-gcc@9/9.3.0_3/lib/avr-gcc/9/gcc/avr/9.3.0/avr25/libgcc.a(_mulsi3.o)
                                                  Builds/nuts_bolts.o
__mulsi3_helper                                   /opt/homebrew/Cellar/avr-gcc@9/9.3.0_3/lib/avr-gcc/9/gcc/avr/9.3.0/avr25/libgcc.a(_mulsi3.o)
__negsi2                                          /opt/homebrew/Cellar/avr-gcc@9/9.3.0_3/lib/avr-gcc/9/gcc/avr/9.3.0/avr25/libgcc.a(_negsi2.o)
                                                  /opt/homebrew/Cellar/avr-gcc@9/9.3.0_3/lib/avr-gcc/9/gcc/avr/9.3.0/avr25/libgcc.a(_divmodsi4.o)
__nesf2                                           /opt/homebrew/Cellar/avr-gcc@9/9.3.0_3/lib/avr-gcc/9/gcc/avr/9.3.0/../../../../../../avr/lib/avr25/libm.a(cmpsf2.o)
__stack                                           /opt/homebrew/Cellar/avr-gcc@9/9.3.0_3/lib/avr-gcc/9/gcc/avr/9.3.0/../../../../../../avr/lib/avr25/crtattiny84.o
__udivmodsi4                                      /opt/homebrew/Cellar/avr-gcc@9/9.3.0_3/lib/avr-gcc/9/gcc/avr/9.3.0/avr25/libgcc.a(_udivmodsi4.o)
                                                  /opt/homebrew/Cellar/avr-gcc@9/9.3.0_3/lib/avr-gcc/9/gcc/avr/9.3.0/avr25/libgcc.a(_divmodsi4.o)
__unordsf2                                        /opt/homebrew/Cellar/avr-gcc@9/9.3.0_3/lib/avr-gcc/9/gcc/avr/9.3.0/../../../../../../avr/lib/avr25/libm.a(unordsf2.o)
                                                  Builds/heater.o
__utoa_common                                     /opt/homebrew/Cellar/avr-gcc@9/9.3.0_3/lib/avr-gcc/9/gcc/avr/9.3.0/../../../../../../avr/lib/avr25/libc.a(utoa_ncheck.o)
                                                  /opt/homebrew/Cellar/avr-gcc@9/9.3.0_3/lib/avr-gcc/9/gcc/avr/9.3.0/../../../../../../avr/lib/avr25/libc.a(itoa_ncheck.o)
__utoa_ncheck                                     /opt/homebrew/Cellar/avr-gcc@9/9.3.0_3/lib/avr-gcc/9/gcc/avr/9.3.0/../../../../../../avr/lib/avr25/libc.a(utoa_ncheck.o)
__vector_1                                        /opt/homebrew/Cellar/avr-gcc@9/9.3.0_3/lib/avr-gcc/9/gcc/avr/9.3.0/../../../../../../avr/lib/avr25/crtattiny84.o
__vector_10                                       /opt/homebrew/Cellar/avr-gcc@9/9.3.0_3/lib/avr-gcc/9/gcc/avr/9.3.0/../../../../../../avr/lib/avr25/crtattiny84.o
__vector_11                                       Builds/nuts_bolts.o
                                                  /opt/homebrew/Cellar/avr-gcc@9/9.3.0_3/lib/avr-gcc/9/gcc/avr/9.3.0/../../../../../../avr/lib/avr25/crtattiny84.o
__vector_12                                       /opt/homebrew/Cellar/avr-gcc@9/9.3.0_3/lib/avr-gcc/9/gcc/avr/9.3.0/../../../../../../avr/lib/avr25/crtattiny84.o
__vector_13                                       /opt/homebrew/Cellar/avr-gcc@9/9.3.0_3/lib/avr-gcc/9/gcc/avr/9.3.0/../../../../../../avr/lib/avr25/crtattiny84.o
__vector_14                                       /opt/homebrew/Cellar/avr-gcc@9/9.3.0_3/lib/avr-gcc/9/gcc/avr/9.3.0/../../../../../../avr/lib/avr25/crtattiny84.o
__vector_15                                       /opt/homebrew/Cellar/avr-gcc@9/9.3.0_3/lib/avr-gcc/9/gcc/avr/9.3.0/../../../../../../avr/lib/avr25/crtattiny84.o
__vector_16                                       /opt/homebrew/Cellar/avr-gcc@9/9.3.0_3/lib/avr-gcc/9/gcc/avr/9.3.0/../../../../../../avr/lib/avr25/crtattiny84.o
__vector_2                                        /opt/homebrew/Cellar/avr-gcc@9/9.3.0_3/lib/avr-gcc/9/gcc/avr/9.3.0/../../../../../../avr/lib/avr25/crtattiny84.o
__vector_3                                        /opt/homebrew/Cellar/avr-gcc@9/9.3.0_3/lib/avr-gcc/9/gcc/avr/9.3.0/../../../../../../avr/lib/avr25/crtattiny84.o
__vector_4                                        /opt/homebrew/Cellar/avr-gcc@9/9.3.0_3/lib/avr-gcc/9/gcc/avr/9.3.0/../../../../../../avr/lib/avr25/crtattiny84.o
__vector_5                                        /opt/homebrew/Cellar/avr-gcc@9/9.3.0_3/lib/avr-gcc/9/gcc/avr/9.3.0/../../../../../../avr/lib/avr25/crtattiny84.o
__vector_6                                        Builds/heater.o
                                                  /opt/homebrew/Cellar/avr-gcc@9/9.3.0_3/lib/avr-gcc/9/gcc/avr/9.3.0/../../../../../../avr/lib/avr25/crtattiny84.o
__vector_7                                        /opt/homebrew/Cellar/avr-gcc@9/9.3.0_3/lib/avr-gcc/9/gcc/avr/9.3.0/../../../../../../avr/lib/avr25/crtattiny84.o
__vector_8                                        /opt/homebrew/Cellar/avr-gcc@9/9.3.0_3/lib/avr-gcc/9/gcc/avr/9.3.0/../../../../../../avr/lib/avr25/crtattiny84.o
__vector_9                                        /opt/homebrew/Cellar/avr-gcc@9/9.3.0_3/lib/avr-gcc/9/gcc/avr/9.3.0/../../../../../../avr/lib/avr25/crtattiny84.o
__vector_default                                  /opt/homebrew/Cellar/avr-gcc@9/9.3.0_3/lib/avr-gcc/9/gcc/avr/9.3.0/../../../../../../avr/lib/avr25/crtattiny84.o
__vectors                                         /opt/homebrew/Cellar/avr-gcc@9/9.3.0_3/lib/avr-gcc/9/gcc/avr/9.3.0/../../../../../../avr/lib/avr25/crtattiny84.o
_exit                                             /opt/homebrew/Cellar/avr-gcc@9/9.3.0_3/lib/avr-gcc/9/gcc/avr/9.3.0/avr25/libgcc.a(_exit.o)
action                                            Builds/heater.o
                                                  Builds/main.o
adc                                               Builds/sensor.o
                                                  Builds/nuts_bolts.o
                                                  Builds/main.o
                                                  Builds/liquid_crystal.o
                                                  Builds/heater.o
                                                  Builds/defaults.o
analogRead                                        Builds/sensor.o
                                                  Builds/heater.o
beep                                              Builds/heater.o
                                                  Builds/main.o
count                                             Builds/heater.o
dataPort                                          Builds/liquid_crystal.o
delayMicroseconds                                 Builds/nuts_bolts.o
                                                  Builds/liquid_crystal.o
dtoa_prf                                          /opt/homebrew/Cellar/avr-gcc@9/9.3.0_3/lib/avr-gcc/9/gcc/avr/9.3.0/../../../../../../avr/lib/avr25/libc.a(dtoa_prf.o)
                                                  /opt/homebrew/Cellar/avr-gcc@9/9.3.0_3/lib/avr-gcc/9/gcc/avr/9.3.0/../../../../../../avr/lib/avr25/libc.a(dtostrf.o)
dtostrf                                           /opt/homebrew/Cellar/avr-gcc@9/9.3.0_3/lib/avr-gcc/9/gcc/avr/9.3.0/../../../../../../avr/lib/avr25/libc.a(dtostrf.o)
                                                  Builds/liquid_crystal.o
exit                                              /opt/homebrew/Cellar/avr-gcc@9/9.3.0_3/lib/avr-gcc/9/gcc/avr/9.3.0/avr25/libgcc.a(_exit.o)
                                                  /opt/homebrew/Cellar/avr-gcc@9/9.3.0_3/lib/avr-gcc/9/gcc/avr/9.3.0/../../../../../../avr/lib/avr25/crtattiny84.o
init                                              Builds/nuts_bolts.o
initHeater                                        Builds/heater.o
                                                  Builds/main.o
initIO                                            Builds/main.o
initLCD                                           Builds/liquid_crystal.o
                                                  Builds/main.o
initSensor                                        Builds/sensor.o
                                                  Builds/main.o
initial                                           Builds/liquid_crystal.o
input                                             Builds/sensor.o
                                                  Builds/nuts_bolts.o
                                                  Builds/main.o
                                                  Builds/liquid_crystal.o
                                                  Builds/heater.o
                                                  Builds/defaults.o
isInitialChoiceState                              Builds/sensor.o
                                                  Builds/nuts_bolts.o
                                                  Builds/main.o
                                                  Builds/liquid_crystal.o
                                                  Builds/heater.o
                                                  Builds/defaults.o
isInitialState                                    Builds/sensor.o
                                                  Builds/nuts_bolts.o
                                                  Builds/main.o
                                                  Builds/liquid_crystal.o
                                                  Builds/heater.o
                                                  Builds/defaults.o
lcdCount                                          Builds/heater.o
lcdPrint                                          Builds/liquid_crystal.o
                                                  Builds/main.o
lcdPrintDouble                                    Builds/liquid_crystal.o
                                                  Builds/heater.o
lcdPrintNumber                                    Builds/liquid_crystal.o
                                                  Builds/heater.o
lcdStateUpate                                     Builds/liquid_crystal.o
lcdUpdateTemp                                     Builds/liquid_crystal.o
main                                              Builds/main.o
                                                  /opt/homebrew/Cellar/avr-gcc@9/9.3.0_3/lib/avr-gcc/9/gcc/avr/9.3.0/../../../../../../avr/lib/avr25/crtattiny84.o
map                                               Builds/nuts_bolts.o
micros                                            Builds/nuts_bolts.o
millis                                            Builds/nuts_bolts.o
profileSelected                                   Builds/sensor.o
                                                  Builds/nuts_bolts.o
                                                  Builds/main.o
                                                  Builds/liquid_crystal.o
                                                  Builds/heater.o
                                                  Builds/defaults.o
profiles                                          Builds/main.o
                                                  Builds/sensor.o
                                                  Builds/nuts_bolts.o
                                                  Builds/liquid_crystal.o
                                                  Builds/heater.o
                                                  Builds/defaults.o
relay_state                                       Builds/sensor.o
                                                  Builds/nuts_bolts.o
                                                  Builds/main.o
                                                  Builds/liquid_crystal.o
                                                  Builds/heater.o
                                                  Builds/defaults.o
seconds                                           Builds/heater.o
selectedProfile                                   Builds/sensor.o
                                                  Builds/nuts_bolts.o
                                                  Builds/main.o
                                                  Builds/liquid_crystal.o
                                                  Builds/heater.o
                                                  Builds/defaults.o
started                                           Builds/sensor.o
                                                  Builds/nuts_bolts.o
                                                  Builds/main.o
                                                  Builds/liquid_crystal.o
                                                  Builds/heater.o
                                                  Builds/defaults.o
state                                             Builds/heater.o
stopped                                           Builds/sensor.o
                                                  Builds/nuts_bolts.o
                                                  Builds/main.o
                                                  Builds/liquid_crystal.o
                                                  Builds/heater.o
                                                  Builds/defaults.o
strrev                                            /opt/homebrew/Cellar/avr-gcc@9/9.3.0_3/lib/avr-gcc/9/gcc/avr/9.3.0/../../../../../../avr/lib/avr25/libc.a(strrev.o)
                                                  /opt/homebrew/Cellar/avr-gcc@9/9.3.0_3/lib/avr-gcc/9/gcc/avr/9.3.0/../../../../../../avr/lib/avr25/libc.a(utoa_ncheck.o)
summation                                         Builds/sensor.o
                                                  Builds/nuts_bolts.o
                                                  Builds/main.o
                                                  Builds/liquid_crystal.o
                                                  Builds/heater.o
                                                  Builds/defaults.o
targetTemperature                                 Builds/sensor.o
                                                  Builds/nuts_bolts.o
                                                  Builds/main.o
                                                  Builds/liquid_crystal.o
                                                  Builds/heater.o
                                                  Builds/defaults.o
temp                                              Builds/heater.o
timer0_millis                                     Builds/nuts_bolts.o
timer0_overflow_count                             Builds/nuts_bolts.o
